Archive member included to satisfy reference by file (symbol)

C:/ST/STM32CubeIDE_1.19.0/STM32CubeIDE/plugins/com.st.stm32cube.ide.mcu.externaltools.gnu-tools-for-stm32.13.3.rel1.win32_1.0.0.202411081344/tools/bin/../lib/gcc/arm-none-eabi/13.3.1/../../../../arm-none-eabi/lib/thumb/v7e-m+fp/hard\libc_nano.a(libc_a-exit.o)
                              C:/ST/STM32CubeIDE_1.19.0/STM32CubeIDE/plugins/com.st.stm32cube.ide.mcu.externaltools.gnu-tools-for-stm32.13.3.rel1.win32_1.0.0.202411081344/tools/bin/../lib/gcc/arm-none-eabi/13.3.1/../../../../arm-none-eabi/lib/thumb/v7e-m+fp/hard/crt0.o (exit)
C:/ST/STM32CubeIDE_1.19.0/STM32CubeIDE/plugins/com.st.stm32cube.ide.mcu.externaltools.gnu-tools-for-stm32.13.3.rel1.win32_1.0.0.202411081344/tools/bin/../lib/gcc/arm-none-eabi/13.3.1/../../../../arm-none-eabi/lib/thumb/v7e-m+fp/hard\libc_nano.a(libc_a-findfp.o)
                              C:/ST/STM32CubeIDE_1.19.0/STM32CubeIDE/plugins/com.st.stm32cube.ide.mcu.externaltools.gnu-tools-for-stm32.13.3.rel1.win32_1.0.0.202411081344/tools/bin/../lib/gcc/arm-none-eabi/13.3.1/../../../../arm-none-eabi/lib/thumb/v7e-m+fp/hard\libc_nano.a(libc_a-exit.o) (__stdio_exit_handler)
C:/ST/STM32CubeIDE_1.19.0/STM32CubeIDE/plugins/com.st.stm32cube.ide.mcu.externaltools.gnu-tools-for-stm32.13.3.rel1.win32_1.0.0.202411081344/tools/bin/../lib/gcc/arm-none-eabi/13.3.1/../../../../arm-none-eabi/lib/thumb/v7e-m+fp/hard\libc_nano.a(libc_a-fwalk.o)
                              C:/ST/STM32CubeIDE_1.19.0/STM32CubeIDE/plugins/com.st.stm32cube.ide.mcu.externaltools.gnu-tools-for-stm32.13.3.rel1.win32_1.0.0.202411081344/tools/bin/../lib/gcc/arm-none-eabi/13.3.1/../../../../arm-none-eabi/lib/thumb/v7e-m+fp/hard\libc_nano.a(libc_a-findfp.o) (_fwalk_sglue)
C:/ST/STM32CubeIDE_1.19.0/STM32CubeIDE/plugins/com.st.stm32cube.ide.mcu.externaltools.gnu-tools-for-stm32.13.3.rel1.win32_1.0.0.202411081344/tools/bin/../lib/gcc/arm-none-eabi/13.3.1/../../../../arm-none-eabi/lib/thumb/v7e-m+fp/hard\libc_nano.a(libc_a-stdio.o)
                              C:/ST/STM32CubeIDE_1.19.0/STM32CubeIDE/plugins/com.st.stm32cube.ide.mcu.externaltools.gnu-tools-for-stm32.13.3.rel1.win32_1.0.0.202411081344/tools/bin/../lib/gcc/arm-none-eabi/13.3.1/../../../../arm-none-eabi/lib/thumb/v7e-m+fp/hard\libc_nano.a(libc_a-findfp.o) (__sread)
C:/ST/STM32CubeIDE_1.19.0/STM32CubeIDE/plugins/com.st.stm32cube.ide.mcu.externaltools.gnu-tools-for-stm32.13.3.rel1.win32_1.0.0.202411081344/tools/bin/../lib/gcc/arm-none-eabi/13.3.1/../../../../arm-none-eabi/lib/thumb/v7e-m+fp/hard\libc_nano.a(libc_a-memset.o)
                              C:/ST/STM32CubeIDE_1.19.0/STM32CubeIDE/plugins/com.st.stm32cube.ide.mcu.externaltools.gnu-tools-for-stm32.13.3.rel1.win32_1.0.0.202411081344/tools/bin/../lib/gcc/arm-none-eabi/13.3.1/../../../../arm-none-eabi/lib/thumb/v7e-m+fp/hard/crt0.o (memset)
C:/ST/STM32CubeIDE_1.19.0/STM32CubeIDE/plugins/com.st.stm32cube.ide.mcu.externaltools.gnu-tools-for-stm32.13.3.rel1.win32_1.0.0.202411081344/tools/bin/../lib/gcc/arm-none-eabi/13.3.1/../../../../arm-none-eabi/lib/thumb/v7e-m+fp/hard\libc_nano.a(libc_a-strncmp.o)
                              ./Third_Party/lwshell/src/lwshell/lwshell.o (strncmp)
C:/ST/STM32CubeIDE_1.19.0/STM32CubeIDE/plugins/com.st.stm32cube.ide.mcu.externaltools.gnu-tools-for-stm32.13.3.rel1.win32_1.0.0.202411081344/tools/bin/../lib/gcc/arm-none-eabi/13.3.1/../../../../arm-none-eabi/lib/thumb/v7e-m+fp/hard\libc_nano.a(libc_a-closer.o)
                              C:/ST/STM32CubeIDE_1.19.0/STM32CubeIDE/plugins/com.st.stm32cube.ide.mcu.externaltools.gnu-tools-for-stm32.13.3.rel1.win32_1.0.0.202411081344/tools/bin/../lib/gcc/arm-none-eabi/13.3.1/../../../../arm-none-eabi/lib/thumb/v7e-m+fp/hard\libc_nano.a(libc_a-stdio.o) (_close_r)
C:/ST/STM32CubeIDE_1.19.0/STM32CubeIDE/plugins/com.st.stm32cube.ide.mcu.externaltools.gnu-tools-for-stm32.13.3.rel1.win32_1.0.0.202411081344/tools/bin/../lib/gcc/arm-none-eabi/13.3.1/../../../../arm-none-eabi/lib/thumb/v7e-m+fp/hard\libc_nano.a(libc_a-reent.o)
                              C:/ST/STM32CubeIDE_1.19.0/STM32CubeIDE/plugins/com.st.stm32cube.ide.mcu.externaltools.gnu-tools-for-stm32.13.3.rel1.win32_1.0.0.202411081344/tools/bin/../lib/gcc/arm-none-eabi/13.3.1/../../../../arm-none-eabi/lib/thumb/v7e-m+fp/hard\libc_nano.a(libc_a-closer.o) (errno)
C:/ST/STM32CubeIDE_1.19.0/STM32CubeIDE/plugins/com.st.stm32cube.ide.mcu.externaltools.gnu-tools-for-stm32.13.3.rel1.win32_1.0.0.202411081344/tools/bin/../lib/gcc/arm-none-eabi/13.3.1/../../../../arm-none-eabi/lib/thumb/v7e-m+fp/hard\libc_nano.a(libc_a-impure.o)
                              C:/ST/STM32CubeIDE_1.19.0/STM32CubeIDE/plugins/com.st.stm32cube.ide.mcu.externaltools.gnu-tools-for-stm32.13.3.rel1.win32_1.0.0.202411081344/tools/bin/../lib/gcc/arm-none-eabi/13.3.1/../../../../arm-none-eabi/lib/thumb/v7e-m+fp/hard\libc_nano.a(libc_a-reent.o) (_impure_ptr)
[...]
Memory Configuration

Name             Origin             Length             Attributes
RAM              0x20000000         0x00008000         xrw
FLASH            0x08000000         0x00020000         xr
*default*        0x00000000         0xffffffff

Linker script and memory map

LOAD C:/ST/STM32CubeIDE_1.19.0/STM32CubeIDE/plugins/com.st.stm32cube.ide.mcu.externaltools.gnu-tools-for-stm32.13.3.rel1.win32_1.0.0.202411081344/tools/bin/../lib/gcc/arm-none-eabi/13.3.1/thumb/v7e-m+fp/hard/crti.o
LOAD C:/ST/STM32CubeIDE_1.19.0/STM32CubeIDE/plugins/com.st.stm32cube.ide.mcu.externaltools.gnu-tools-for-stm32.13.3.rel1.win32_1.0.0.202411081344/tools/bin/../lib/gcc/arm-none-eabi/13.3.1/thumb/v7e-m+fp/hard/crtbegin.o
LOAD C:/ST/STM32CubeIDE_1.19.0/STM32CubeIDE/plugins/com.st.stm32cube.ide.mcu.externaltools.gnu-tools-for-stm32.13.3.rel1.win32_1.0.0.202411081344/tools/bin/../lib/gcc/arm-none-eabi/13.3.1/../../../../arm-none-eabi/lib/thumb/v7e-m+fp/hard/crt0.o
LOAD ./Core/Src/dma.o
LOAD ./Core/Src/gpio.o
LOAD ./Core/Src/i2c.o
LOAD ./Core/Src/main.o
LOAD ./Core/Src/osek_task.o
LOAD ./Core/Src/spi.o
LOAD ./Core/Src/stm32g4xx_hal_msp.o
LOAD ./Core/Src/stm32g4xx_hal_timebase_tim.o
LOAD ./Core/Src/stm32g4xx_it.o
LOAD ./Core/Src/syscalls.o
LOAD ./Core/Src/sysmem.o
LOAD ./Core/Src/system_stm32g4xx.o
LOAD ./Core/Src/usart.o
LOAD ./Core/Startup/startup_stm32g431cbux.o
LOAD ./Drivers/STM32G4xx_HAL_Driver/Src/stm32g4xx_hal.o
LOAD ./Drivers/STM32G4xx_HAL_Driver/Src/stm32g4xx_hal_cortex.o
LOAD ./Drivers/STM32G4xx_HAL_Driver/Src/stm32g4xx_hal_dma.o
LOAD ./Drivers/STM32G4xx_HAL_Driver/Src/stm32g4xx_hal_dma_ex.o
LOAD ./Drivers/STM32G4xx_HAL_Driver/Src/stm32g4xx_hal_exti.o
LOAD ./Drivers/STM32G4xx_HAL_Driver/Src/stm32g4xx_hal_flash.o
LOAD ./Drivers/STM32G4xx_HAL_Driver/Src/stm32g4xx_hal_flash_ex.o
LOAD ./Drivers/STM32G4xx_HAL_Driver/Src/stm32g4xx_hal_flash_ramfunc.o
LOAD ./Drivers/STM32G4xx_HAL_Driver/Src/stm32g4xx_hal_gpio.o
LOAD ./Drivers/STM32G4xx_HAL_Driver/Src/stm32g4xx_hal_i2c.o
LOAD ./Drivers/STM32G4xx_HAL_Driver/Src/stm32g4xx_hal_i2c_ex.o
LOAD ./Drivers/STM32G4xx_HAL_Driver/Src/stm32g4xx_hal_pwr.o
LOAD ./Drivers/STM32G4xx_HAL_Driver/Src/stm32g4xx_hal_pwr_ex.o
LOAD ./Drivers/STM32G4xx_HAL_Driver/Src/stm32g4xx_hal_rcc.o
LOAD ./Drivers/STM32G4xx_HAL_Driver/Src/stm32g4xx_hal_rcc_ex.o
LOAD ./Drivers/STM32G4xx_HAL_Driver/Src/stm32g4xx_hal_spi.o
LOAD ./Drivers/STM32G4xx_HAL_Driver/Src/stm32g4xx_hal_spi_ex.o
LOAD ./Drivers/STM32G4xx_HAL_Driver/Src/stm32g4xx_hal_tim.o
LOAD ./Drivers/STM32G4xx_HAL_Driver/Src/stm32g4xx_hal_tim_ex.o
LOAD ./Drivers/STM32G4xx_HAL_Driver/Src/stm32g4xx_hal_uart.o
LOAD ./Drivers/STM32G4xx_HAL_Driver/Src/stm32g4xx_hal_uart_ex.o
LOAD ./OSEK/src/OS.o
LOAD ./OSEK/src/OsAlarm.o
LOAD ./OSEK/src/OsAsm.o
LOAD ./OSEK/src/OsEvt.o
LOAD ./OSEK/src/OsTask.o
LOAD ./OSEK/src/SysTickTimer.o
LOAD ./OSEK/src/TCB.o
LOAD ./Third_Party/MultiButton/multi_button.o
LOAD ./Third_Party/ee24/src/ee24.o
LOAD ./Third_Party/lwprintf/src/lwprintf/lwprintf.o
LOAD ./Third_Party/lwprintf/src/system/lwprintf_sys_cmsis_os.o
LOAD ./Third_Party/lwprintf/src/system/lwprintf_sys_threadx.o
LOAD ./Third_Party/lwprintf/src/system/lwprintf_sys_win32.o
LOAD ./Third_Party/lwrb/src/lwrb/lwrb.o
LOAD ./Third_Party/lwrb/src/lwrb/lwrb_ex.o
LOAD ./Third_Party/lwshell/src/lwshell/lwshell.o
LOAD ./Third_Party/lwshell/src/lwshell/lwshell_user.o
LOAD ./Third_Party/spif/src/spif.o
START GROUP
LOAD C:/ST/STM32CubeIDE_1.19.0/STM32CubeIDE/plugins/com.st.stm32cube.ide.mcu.externaltools.gnu-tools-for-stm32.13.3.rel1.win32_1.0.0.202411081344/tools/bin/../lib/gcc/arm-none-eabi/13.3.1/../../../../arm-none-eabi/lib/thumb/v7e-m+fp/hard\libc_nano.a
LOAD C:/ST/STM32CubeIDE_1.19.0/STM32CubeIDE/plugins/com.st.stm32cube.ide.mcu.externaltools.gnu-tools-for-stm32.13.3.rel1.win32_1.0.0.202411081344/tools/bin/../lib/gcc/arm-none-eabi/13.3.1/../../../../arm-none-eabi/lib/thumb/v7e-m+fp/hard\libm.a
END GROUP
START GROUP
LOAD C:/ST/STM32CubeIDE_1.19.0/STM32CubeIDE/plugins/com.st.stm32cube.ide.mcu.externaltools.gnu-tools-for-stm32.13.3.rel1.win32_1.0.0.202411081344/tools/bin/../lib/gcc/arm-none-eabi/13.3.1/thumb/v7e-m+fp/hard\libgcc.a
LOAD C:/ST/STM32CubeIDE_1.19.0/STM32CubeIDE/plugins/com.st.stm32cube.ide.mcu.externaltools.gnu-tools-for-stm32.13.3.rel1.win32_1.0.0.202411081344/tools/bin/../lib/gcc/arm-none-eabi/13.3.1/../../../../arm-none-eabi/lib/thumb/v7e-m+fp/hard\libc_nano.a
END GROUP
START GROUP
LOAD C:/ST/STM32CubeIDE_1.19.0/STM32CubeIDE/plugins/com.st.stm32cube.ide.mcu.externaltools.gnu-tools-for-stm32.13.3.rel1.win32_1.0.0.202411081344/tools/bin/../lib/gcc/arm-none-eabi/13.3.1/thumb/v7e-m+fp/hard\libgcc.a
LOAD C:/ST/STM32CubeIDE_1.19.0/STM32CubeIDE/plugins/com.st.stm32cube.ide.mcu.externaltools.gnu-tools-for-stm32.13.3.rel1.win32_1.0.0.202411081344/tools/bin/../lib/gcc/arm-none-eabi/13.3.1/../../../../arm-none-eabi/lib/thumb/v7e-m+fp/hard\libc_nano.a
LOAD C:/ST/STM32CubeIDE_1.19.0/STM32CubeIDE/plugins/com.st.stm32cube.ide.mcu.externaltools.gnu-tools-for-stm32.13.3.rel1.win32_1.0.0.202411081344/tools/bin/../lib/gcc/arm-none-eabi/13.3.1/../../../../arm-none-eabi/lib/thumb/v7e-m+fp/hard\libnosys.a
END GROUP
START GROUP
LOAD C:/ST/STM32CubeIDE_1.19.0/STM32CubeIDE/plugins/com.st.stm32cube.ide.mcu.externaltools.gnu-tools-for-stm32.13.3.rel1.win32_1.0.0.202411081344/tools/bin/../lib/gcc/arm-none-eabi/13.3.1/thumb/v7e-m+fp/hard\libgcc.a
LOAD C:/ST/STM32CubeIDE_1.19.0/STM32CubeIDE/plugins/com.st.stm32cube.ide.mcu.externaltools.gnu-tools-for-stm32.13.3.rel1.win32_1.0.0.202411081344/tools/bin/../lib/gcc/arm-none-eabi/13.3.1/../../../../arm-none-eabi/lib/thumb/v7e-m+fp/hard\libc_nano.a
LOAD C:/ST/STM32CubeIDE_1.19.0/STM32CubeIDE/plugins/com.st.stm32cube.ide.mcu.externaltools.gnu-tools-for-stm32.13.3.rel1.win32_1.0.0.202411081344/tools/bin/../lib/gcc/arm-none-eabi/13.3.1/../../../../arm-none-eabi/lib/thumb/v7e-m+fp/hard\libnosys.a
END GROUP
LOAD C:/ST/STM32CubeIDE_1.19.0/STM32CubeIDE/plugins/com.st.stm32cube.ide.mcu.externaltools.gnu-tools-for-stm32.13.3.rel1.win32_1.0.0.202411081344/tools/bin/../lib/gcc/arm-none-eabi/13.3.1/thumb/v7e-m+fp/hard/crtend.o
LOAD C:/ST/STM32CubeIDE_1.19.0/STM32CubeIDE/plugins/com.st.stm32cube.ide.mcu.externaltools.gnu-tools-for-stm32.13.3.rel1.win32_1.0.0.202411081344/tools/bin/../lib/gcc/arm-none-eabi/13.3.1/thumb/v7e-m+fp/hard/crtn.o
                0x20008000                        _estack = (ORIGIN (RAM) + LENGTH (RAM))
                0x00000200                        _Min_Heap_Size = 0x200
                0x00000400                        _Min_Stack_Size = 0x400

.isr_vector     0x08000000      0x1d8
                0x08000000                        . = ALIGN (0x4)
 *(.isr_vector)
 .isr_vector    0x08000000      0x1d8 ./Core/Startup/startup_stm32g431cbux.o
                0x08000000                g_pfnVectors
                0x080001d8                        . = ALIGN (0x4)

.text           0x080001d8     0x7644
                0x080001d8                        . = ALIGN (0x4)
 *(.text)
 .text          0x080001d8       0x40 C:/ST/STM32CubeIDE_1.19.0/STM32CubeIDE/plugins/com.st.stm32cube.ide.mcu.externaltools.gnu-tools-for-stm32.13.3.rel1.win32_1.0.0.202411081344/tools/bin/../lib/gcc/arm-none-eabi/13.3.1/thumb/v7e-m+fp/hard/crtbegin.o
 .text          0x08000218       0x10 C:/ST/STM32CubeIDE_1.19.0/STM32CubeIDE/plugins/com.st.stm32cube.ide.mcu.externaltools.gnu-tools-for-stm32.13.3.rel1.win32_1.0.0.202411081344/tools/bin/../lib/gcc/arm-none-eabi/13.3.1/../../../../arm-none-eabi/lib/thumb/v7e-m+fp/hard\libc_nano.a(libc_a-strlen.o)
                0x08000218                strlen
 .text          0x08000228       0x30 C:/ST/STM32CubeIDE_1.19.0/STM32CubeIDE/plugins/com.st.stm32cube.ide.mcu.externaltools.gnu-tools-for-stm32.13.3.rel1.win32_1.0.0.202411081344/tools/bin/../lib/gcc/arm-none-eabi/13.3.1/thumb/v7e-m+fp/hard\libgcc.a(_aeabi_uldivmod.o)
                0x08000228                __aeabi_uldivmod
 .text          0x08000258      0x2f8 C:/ST/STM32CubeIDE_1.19.0/STM32CubeIDE/plugins/com.st.stm32cube.ide.mcu.externaltools.gnu-tools-for-stm32.13.3.rel1.win32_1.0.0.202411081344/tools/bin/../lib/gcc/arm-none-eabi/13.3.1/thumb/v7e-m+fp/hard\libgcc.a(_udivmoddi4.o)
                0x08000258                __udivmoddi4
 .text          0x08000550        0x4 C:/ST/STM32CubeIDE_1.19.0/STM32CubeIDE/plugins/com.st.stm32cube.ide.mcu.externaltools.gnu-tools-for-stm32.13.3.rel1.win32_1.0.0.202411081344/tools/bin/../lib/gcc/arm-none-eabi/13.3.1/thumb/v7e-m+fp/hard\libgcc.a(_dvmd_tls.o)
                0x08000550                __aeabi_idiv0
                0x08000550                __aeabi_ldiv0
 *(.text*)
 .text.MX_DMA_Init
                0x08000554       0x54 ./Core/Src/dma.o
                0x08000554                MX_DMA_Init
 .text.MX_GPIO_Init
                0x080005a8       0xf0 ./Core/Src/gpio.o
                0x080005a8                MX_GPIO_Init
 .text.MX_I2C1_Init
                0x08000698       0x80 ./Core/Src/i2c.o
                0x08000698                MX_I2C1_Init
 .text.HAL_I2C_MspInit
                0x08000718       0xec ./Core/Src/i2c.o
                0x08000718                HAL_I2C_MspInit
 .text.lwprintf_self_func
                0x08000804       0x84 ./Core/Src/main.o
 .text.usart_rx_check
                0x08000888       0x78 ./Core/Src/main.o
                0x08000888                usart_rx_check
 .text.HAL_UARTEx_RxEventCallback
                0x08000900       0x7c ./Core/Src/main.o
                0x08000900                HAL_UARTEx_RxEventCallback
 .text.main     0x0800097c       0x6c ./Core/Src/main.o
                0x0800097c                main
 .text.SystemClock_Config
                0x080009e8       0x96 ./Core/Src/main.o
                0x080009e8                SystemClock_Config
 *fill*         0x08000a7e        0x2 
 .text.HAL_TIM_PeriodElapsedCallback
                0x08000a80       0x24 ./Core/Src/main.o
                0x08000a80                HAL_TIM_PeriodElapsedCallback
 .text.Error_Handler
                0x08000aa4        0xc ./Core/Src/main.o
                0x08000aa4                Error_Handler
 .text.TaskT1Func
                0x08000ab0       0x54 ./Core/Src/osek_task.o
                0x08000ab0                TaskT1Func
 .text.TaskIdleFunc
                0x08000b04       0x48 ./Core/Src/osek_task.o
                0x08000b04                TaskIdleFunc
 .text.MX_SPI1_Init
                0x08000b4c       0x7c ./Core/Src/spi.o
                0x08000b4c                MX_SPI1_Init
 .text.HAL_SPI_MspInit
                0x08000bc8       0x84 ./Core/Src/spi.o
                0x08000bc8                HAL_SPI_MspInit
 .text.HAL_MspInit
                0x08000c4c       0x54 ./Core/Src/stm32g4xx_hal_msp.o
                0x08000c4c                HAL_MspInit
 .text.HAL_InitTick
                0x08000ca0       0xd8 ./Core/Src/stm32g4xx_hal_timebase_tim.o
                0x08000ca0                HAL_InitTick
 .text.NMI_Handler
                0x08000d78        0x8 ./Core/Src/stm32g4xx_it.o
                0x08000d78                NMI_Handler
 .text.HardFault_Handler
                0x08000d80        0x8 ./Core/Src/stm32g4xx_it.o
                0x08000d80                HardFault_Handler
 .text.MemManage_Handler
                0x08000d88        0x8 ./Core/Src/stm32g4xx_it.o
                0x08000d88                MemManage_Handler
 .text.BusFault_Handler
                0x08000d90        0x8 ./Core/Src/stm32g4xx_it.o
                0x08000d90                BusFault_Handler
 .text.UsageFault_Handler
                0x08000d98        0x8 ./Core/Src/stm32g4xx_it.o
                0x08000d98                UsageFault_Handler
 .text.SVC_Handler
                0x08000da0        0xe ./Core/Src/stm32g4xx_it.o
                0x08000da0                SVC_Handler
 .text.DebugMon_Handler
                0x08000dae        0xe ./Core/Src/stm32g4xx_it.o
                0x08000dae                DebugMon_Handler
 .text.DMA1_Channel1_IRQHandler
                0x08000dbc       0x14 ./Core/Src/stm32g4xx_it.o
                0x08000dbc                DMA1_Channel1_IRQHandler
 .text.TIM1_TRG_COM_TIM17_IRQHandler
                0x08000dd0       0x14 ./Core/Src/stm32g4xx_it.o
                0x08000dd0                TIM1_TRG_COM_TIM17_IRQHandler
 .text.USART1_IRQHandler
                0x08000de4       0x14 ./Core/Src/stm32g4xx_it.o
                0x08000de4                USART1_IRQHandler
 .text.SystemInit
                0x08000df8       0x24 ./Core/Src/system_stm32g4xx.o
                0x08000df8                SystemInit
 .text.MX_USART1_UART_Init
                0x08000e1c       0x98 ./Core/Src/usart.o
                0x08000e1c                MX_USART1_UART_Init
 .text.HAL_UART_MspInit
                0x08000eb4      0x15c ./Core/Src/usart.o
                0x08000eb4                HAL_UART_MspInit
 .text.Reset_Handler
                0x08001010       0x50 ./Core/Startup/startup_stm32g431cbux.o
                0x08001010                Reset_Handler
 .text.Default_Handler
                0x08001060        0x2 ./Core/Startup/startup_stm32g431cbux.o
                0x08001060                RTC_Alarm_IRQHandler
                0x08001060                EXTI2_IRQHandler
                0x08001060                TIM8_TRG_COM_IRQHandler
                0x08001060                TIM8_CC_IRQHandler
                0x08001060                TIM1_CC_IRQHandler
                0x08001060                USB_HP_IRQHandler
                0x08001060                CORDIC_IRQHandler
                0x08001060                EXTI3_IRQHandler
                0x08001060                I2C3_ER_IRQHandler
                0x08001060                EXTI0_IRQHandler
                0x08001060                I2C2_EV_IRQHandler
                0x08001060                FPU_IRQHandler
                0x08001060                FDCAN1_IT1_IRQHandler
                0x08001060                TIM1_UP_TIM16_IRQHandler
                0x08001060                ADC1_2_IRQHandler
                0x08001060                SPI1_IRQHandler
                0x08001060                TIM6_DAC_IRQHandler
                0x08001060                TIM8_UP_IRQHandler
                0x08001060                DMA2_Channel2_IRQHandler
                0x08001060                DMA1_Channel4_IRQHandler
                0x08001060                USART3_IRQHandler
                0x08001060                TIM4_IRQHandler
                0x08001060                DMA2_Channel1_IRQHandler
                0x08001060                I2C1_EV_IRQHandler
                0x08001060                DMA1_Channel6_IRQHandler
                0x08001060                UART4_IRQHandler
                0x08001060                DMA2_Channel4_IRQHandler
                0x08001060                TIM3_IRQHandler
                0x08001060                RCC_IRQHandler
                0x08001060                Default_Handler
                0x08001060                RTC_TAMP_LSECSS_IRQHandler
                0x08001060                FMAC_IRQHandler
                0x08001060                EXTI15_10_IRQHandler
                0x08001060                TIM7_IRQHandler
                0x08001060                UCPD1_IRQHandler
                0x08001060                I2C3_EV_IRQHandler
                0x08001060                EXTI9_5_IRQHandler
                0x08001060                RTC_WKUP_IRQHandler
                0x08001060                PVD_PVM_IRQHandler
                0x08001060                SPI2_IRQHandler
                0x08001060                DMA2_Channel5_IRQHandler
                0x08001060                CRS_IRQHandler
                0x08001060                DMA1_Channel5_IRQHandler
                0x08001060                USB_LP_IRQHandler
                0x08001060                EXTI4_IRQHandler
                0x08001060                RNG_IRQHandler
                0x08001060                DMA1_Channel3_IRQHandler
                0x08001060                WWDG_IRQHandler
                0x08001060                LPUART1_IRQHandler
                0x08001060                DMA2_Channel6_IRQHandler
                0x08001060                FDCAN1_IT0_IRQHandler
                0x08001060                TIM2_IRQHandler
                0x08001060                COMP1_2_3_IRQHandler
                0x08001060                EXTI1_IRQHandler
                0x08001060                USART2_IRQHandler
                0x08001060                I2C2_ER_IRQHandler
                0x08001060                DMA1_Channel2_IRQHandler
                0x08001060                TIM8_BRK_IRQHandler
                0x08001060                FLASH_IRQHandler
                0x08001060                SPI3_IRQHandler
                0x08001060                I2C1_ER_IRQHandler
                0x08001060                LPTIM1_IRQHandler
                0x08001060                DMAMUX_OVR_IRQHandler
                0x08001060                USBWakeUp_IRQHandler
                0x08001060                SAI1_IRQHandler
                0x08001060                DMA2_Channel3_IRQHandler
                0x08001060                COMP4_IRQHandler
                0x08001060                TIM1_BRK_TIM15_IRQHandler
 .text.HAL_Init
                0x08001062       0x30 ./Drivers/STM32G4xx_HAL_Driver/Src/stm32g4xx_hal.o
                0x08001062                HAL_Init
 *fill*         0x08001092        0x2 
 .text.HAL_IncTick
                0x08001094       0x24 ./Drivers/STM32G4xx_HAL_Driver/Src/stm32g4xx_hal.o
                0x08001094                HAL_IncTick
 .text.HAL_GetTick
                0x080010b8       0x18 ./Drivers/STM32G4xx_HAL_Driver/Src/stm32g4xx_hal.o
                0x080010b8                HAL_GetTick
 .text.__NVIC_SetPriorityGrouping
                0x080010d0       0x48 ./Drivers/STM32G4xx_HAL_Driver/Src/stm32g4xx_hal_cortex.o
 .text.__NVIC_GetPriorityGrouping
                0x08001118       0x1c ./Drivers/STM32G4xx_HAL_Driver/Src/stm32g4xx_hal_cortex.o
 .text.__NVIC_EnableIRQ
                0x08001134       0x3c ./Drivers/STM32G4xx_HAL_Driver/Src/stm32g4xx_hal_cortex.o
 .text.__NVIC_SetPriority
                0x08001170       0x54 ./Drivers/STM32G4xx_HAL_Driver/Src/stm32g4xx_hal_cortex.o
 .text.NVIC_EncodePriority
                0x080011c4       0x66 ./Drivers/STM32G4xx_HAL_Driver/Src/stm32g4xx_hal_cortex.o
 .text.HAL_NVIC_SetPriorityGrouping
                0x0800122a       0x16 ./Drivers/STM32G4xx_HAL_Driver/Src/stm32g4xx_hal_cortex.o
                0x0800122a                HAL_NVIC_SetPriorityGrouping
 .text.HAL_NVIC_SetPriority
                0x08001240       0x34 ./Drivers/STM32G4xx_HAL_Driver/Src/stm32g4xx_hal_cortex.o
                0x08001240                HAL_NVIC_SetPriority
 .text.HAL_NVIC_EnableIRQ
                0x08001274       0x1c ./Drivers/STM32G4xx_HAL_Driver/Src/stm32g4xx_hal_cortex.o
                0x08001274                HAL_NVIC_EnableIRQ
 .text.HAL_DMA_Init
                0x08001290      0x150 ./Drivers/STM32G4xx_HAL_Driver/Src/stm32g4xx_hal_dma.o
                0x08001290                HAL_DMA_Init
 .text.HAL_DMA_Start_IT
                0x080013e0       0xf6 ./Drivers/STM32G4xx_HAL_Driver/Src/stm32g4xx_hal_dma.o
                0x080013e0                HAL_DMA_Start_IT
 .text.HAL_DMA_Abort
                0x080014d6       0xb2 ./Drivers/STM32G4xx_HAL_Driver/Src/stm32g4xx_hal_dma.o
                0x080014d6                HAL_DMA_Abort
 .text.HAL_DMA_Abort_IT
                0x08001588       0xce ./Drivers/STM32G4xx_HAL_Driver/Src/stm32g4xx_hal_dma.o
                0x08001588                HAL_DMA_Abort_IT
 .text.HAL_DMA_IRQHandler
                0x08001656      0x15e ./Drivers/STM32G4xx_HAL_Driver/Src/stm32g4xx_hal_dma.o
                0x08001656                HAL_DMA_IRQHandler
 .text.DMA_SetConfig
                0x080017b4       0x7c ./Drivers/STM32G4xx_HAL_Driver/Src/stm32g4xx_hal_dma.o
 .text.DMA_CalcDMAMUXChannelBaseAndMask
                0x08001830       0x7c ./Drivers/STM32G4xx_HAL_Driver/Src/stm32g4xx_hal_dma.o
 .text.DMA_CalcDMAMUXRequestGenBaseAndMask
                0x080018ac       0x48 ./Drivers/STM32G4xx_HAL_Driver/Src/stm32g4xx_hal_dma.o
 .text.HAL_GPIO_Init
                0x080018f4      0x304 ./Drivers/STM32G4xx_HAL_Driver/Src/stm32g4xx_hal_gpio.o
                0x080018f4                HAL_GPIO_Init
 .text.HAL_GPIO_WritePin
                0x08001bf8       0x30 ./Drivers/STM32G4xx_HAL_Driver/Src/stm32g4xx_hal_gpio.o
                0x08001bf8                HAL_GPIO_WritePin
 .text.HAL_GPIO_TogglePin
                0x08001c28       0x34 ./Drivers/STM32G4xx_HAL_Driver/Src/stm32g4xx_hal_gpio.o
                0x08001c28                HAL_GPIO_TogglePin
 .text.HAL_I2C_Init
                0x08001c5c      0x136 ./Drivers/STM32G4xx_HAL_Driver/Src/stm32g4xx_hal_i2c.o
                0x08001c5c                HAL_I2C_Init
 .text.HAL_I2CEx_ConfigAnalogFilter
                0x08001d92       0x96 ./Drivers/STM32G4xx_HAL_Driver/Src/stm32g4xx_hal_i2c_ex.o
                0x08001d92                HAL_I2CEx_ConfigAnalogFilter
 .text.HAL_I2CEx_ConfigDigitalFilter
                0x08001e28       0x98 ./Drivers/STM32G4xx_HAL_Driver/Src/stm32g4xx_hal_i2c_ex.o
                0x08001e28                HAL_I2CEx_ConfigDigitalFilter
 .text.HAL_PWREx_ControlVoltageScaling
                0x08001ec0      0x148 ./Drivers/STM32G4xx_HAL_Driver/Src/stm32g4xx_hal_pwr_ex.o
                0x08001ec0                HAL_PWREx_ControlVoltageScaling
 .text.HAL_PWREx_DisableUCPDDeadBattery
                0x08002008       0x20 ./Drivers/STM32G4xx_HAL_Driver/Src/stm32g4xx_hal_pwr_ex.o
                0x08002008                HAL_PWREx_DisableUCPDDeadBattery
 .text.HAL_RCC_OscConfig
                0x08002028      0x624 ./Drivers/STM32G4xx_HAL_Driver/Src/stm32g4xx_hal_rcc.o
                0x08002028                HAL_RCC_OscConfig
 .text.HAL_RCC_ClockConfig
                0x0800264c      0x278 ./Drivers/STM32G4xx_HAL_Driver/Src/stm32g4xx_hal_rcc.o
                0x0800264c                HAL_RCC_ClockConfig
 .text.HAL_RCC_GetSysClockFreq
                0x080028c4       0xc4 ./Drivers/STM32G4xx_HAL_Driver/Src/stm32g4xx_hal_rcc.o
                0x080028c4                HAL_RCC_GetSysClockFreq
 .text.HAL_RCC_GetHCLKFreq
                0x08002988       0x18 ./Drivers/STM32G4xx_HAL_Driver/Src/stm32g4xx_hal_rcc.o
                0x08002988                HAL_RCC_GetHCLKFreq
 .text.HAL_RCC_GetPCLK1Freq
                0x080029a0       0x2c ./Drivers/STM32G4xx_HAL_Driver/Src/stm32g4xx_hal_rcc.o
                0x080029a0                HAL_RCC_GetPCLK1Freq
 .text.HAL_RCC_GetPCLK2Freq
                0x080029cc       0x2c ./Drivers/STM32G4xx_HAL_Driver/Src/stm32g4xx_hal_rcc.o
                0x080029cc                HAL_RCC_GetPCLK2Freq
 .text.HAL_RCC_GetClockConfig
                0x080029f8       0x64 ./Drivers/STM32G4xx_HAL_Driver/Src/stm32g4xx_hal_rcc.o
                0x080029f8                HAL_RCC_GetClockConfig
 .text.RCC_GetSysClockFreqFromPLLSource
                0x08002a5c       0x8c ./Drivers/STM32G4xx_HAL_Driver/Src/stm32g4xx_hal_rcc.o
 .text.HAL_RCCEx_PeriphCLKConfig
                0x08002ae8      0x3e0 ./Drivers/STM32G4xx_HAL_Driver/Src/stm32g4xx_hal_rcc_ex.o
                0x08002ae8                HAL_RCCEx_PeriphCLKConfig
 .text.HAL_SPI_Init
                0x08002ec8      0x156 ./Drivers/STM32G4xx_HAL_Driver/Src/stm32g4xx_hal_spi.o
                0x08002ec8                HAL_SPI_Init
 .text.HAL_TIM_Base_Init
                0x0800301e       0xae ./Drivers/STM32G4xx_HAL_Driver/Src/stm32g4xx_hal_tim.o
                0x0800301e                HAL_TIM_Base_Init
 .text.HAL_TIM_Base_MspInit
                0x080030cc       0x14 ./Drivers/STM32G4xx_HAL_Driver/Src/stm32g4xx_hal_tim.o
                0x080030cc                HAL_TIM_Base_MspInit
 .text.HAL_TIM_Base_Start_IT
                0x080030e0       0xd4 ./Drivers/STM32G4xx_HAL_Driver/Src/stm32g4xx_hal_tim.o
                0x080030e0                HAL_TIM_Base_Start_IT
 .text.HAL_TIM_IRQHandler
                0x080031b4      0x29e ./Drivers/STM32G4xx_HAL_Driver/Src/stm32g4xx_hal_tim.o
                0x080031b4                HAL_TIM_IRQHandler
 .text.HAL_TIM_OC_DelayElapsedCallback
                0x08003452       0x14 ./Drivers/STM32G4xx_HAL_Driver/Src/stm32g4xx_hal_tim.o
                0x08003452                HAL_TIM_OC_DelayElapsedCallback
 .text.HAL_TIM_IC_CaptureCallback
                0x08003466       0x14 ./Drivers/STM32G4xx_HAL_Driver/Src/stm32g4xx_hal_tim.o
                0x08003466                HAL_TIM_IC_CaptureCallback
 .text.HAL_TIM_PWM_PulseFinishedCallback
                0x0800347a       0x14 ./Drivers/STM32G4xx_HAL_Driver/Src/stm32g4xx_hal_tim.o
                0x0800347a                HAL_TIM_PWM_PulseFinishedCallback
 .text.HAL_TIM_TriggerCallback
                0x0800348e       0x14 ./Drivers/STM32G4xx_HAL_Driver/Src/stm32g4xx_hal_tim.o
                0x0800348e                HAL_TIM_TriggerCallback
 *fill*         0x080034a2        0x2 
 .text.TIM_Base_SetConfig
                0x080034a4      0x138 ./Drivers/STM32G4xx_HAL_Driver/Src/stm32g4xx_hal_tim.o
                0x080034a4                TIM_Base_SetConfig
 .text.HAL_TIMEx_CommutCallback
                0x080035dc       0x14 ./Drivers/STM32G4xx_HAL_Driver/Src/stm32g4xx_hal_tim_ex.o
                0x080035dc                HAL_TIMEx_CommutCallback
 .text.HAL_TIMEx_BreakCallback
                0x080035f0       0x14 ./Drivers/STM32G4xx_HAL_Driver/Src/stm32g4xx_hal_tim_ex.o
                0x080035f0                HAL_TIMEx_BreakCallback
 .text.HAL_TIMEx_Break2Callback
                0x08003604       0x14 ./Drivers/STM32G4xx_HAL_Driver/Src/stm32g4xx_hal_tim_ex.o
                0x08003604                HAL_TIMEx_Break2Callback
 .text.HAL_TIMEx_EncoderIndexCallback
                0x08003618       0x14 ./Drivers/STM32G4xx_HAL_Driver/Src/stm32g4xx_hal_tim_ex.o
                0x08003618                HAL_TIMEx_EncoderIndexCallback
 .text.HAL_TIMEx_DirectionChangeCallback
                0x0800362c       0x14 ./Drivers/STM32G4xx_HAL_Driver/Src/stm32g4xx_hal_tim_ex.o
                0x0800362c                HAL_TIMEx_DirectionChangeCallback
 .text.HAL_TIMEx_IndexErrorCallback
                0x08003640       0x14 ./Drivers/STM32G4xx_HAL_Driver/Src/stm32g4xx_hal_tim_ex.o
                0x08003640                HAL_TIMEx_IndexErrorCallback
 .text.HAL_TIMEx_TransitionErrorCallback
                0x08003654       0x14 ./Drivers/STM32G4xx_HAL_Driver/Src/stm32g4xx_hal_tim_ex.o
                0x08003654                HAL_TIMEx_TransitionErrorCallback
 .text.HAL_UART_Init
                0x08003668       0xa0 ./Drivers/STM32G4xx_HAL_Driver/Src/stm32g4xx_hal_uart.o
                0x08003668                HAL_UART_Init
 .text.HAL_UART_Transmit
                0x08003708      0x11c ./Drivers/STM32G4xx_HAL_Driver/Src/stm32g4xx_hal_uart.o
                0x08003708                HAL_UART_Transmit
 .text.HAL_UART_IRQHandler
                0x08003824      0x684 ./Drivers/STM32G4xx_HAL_Driver/Src/stm32g4xx_hal_uart.o
                0x08003824                HAL_UART_IRQHandler
 .text.HAL_UART_TxCpltCallback
                0x08003ea8       0x14 ./Drivers/STM32G4xx_HAL_Driver/Src/stm32g4xx_hal_uart.o
                0x08003ea8                HAL_UART_TxCpltCallback
 .text.HAL_UART_RxCpltCallback
                0x08003ebc       0x14 ./Drivers/STM32G4xx_HAL_Driver/Src/stm32g4xx_hal_uart.o
                0x08003ebc                HAL_UART_RxCpltCallback
 .text.HAL_UART_RxHalfCpltCallback
                0x08003ed0       0x14 ./Drivers/STM32G4xx_HAL_Driver/Src/stm32g4xx_hal_uart.o
                0x08003ed0                HAL_UART_RxHalfCpltCallback
 .text.HAL_UART_ErrorCallback
                0x08003ee4       0x14 ./Drivers/STM32G4xx_HAL_Driver/Src/stm32g4xx_hal_uart.o
                0x08003ee4                HAL_UART_ErrorCallback
 .text.UART_SetConfig
                0x08003ef8      0x598 ./Drivers/STM32G4xx_HAL_Driver/Src/stm32g4xx_hal_uart.o
                0x08003ef8                UART_SetConfig
 .text.UART_AdvFeatureConfig
                0x08004490      0x144 ./Drivers/STM32G4xx_HAL_Driver/Src/stm32g4xx_hal_uart.o
                0x08004490                UART_AdvFeatureConfig
 .text.UART_CheckIdleState
                0x080045d4      0x154 ./Drivers/STM32G4xx_HAL_Driver/Src/stm32g4xx_hal_uart.o
                0x080045d4                UART_CheckIdleState
 .text.UART_WaitOnFlagUntilTimeout
                0x08004728       0xda ./Drivers/STM32G4xx_HAL_Driver/Src/stm32g4xx_hal_uart.o
                0x08004728                UART_WaitOnFlagUntilTimeout
 *fill*         0x08004802        0x2 
 .text.UART_Start_Receive_DMA
                0x08004804      0x14c ./Drivers/STM32G4xx_HAL_Driver/Src/stm32g4xx_hal_uart.o
                0x08004804                UART_Start_Receive_DMA
 .text.UART_EndTxTransfer
                0x08004950       0x82 ./Drivers/STM32G4xx_HAL_Driver/Src/stm32g4xx_hal_uart.o
 .text.UART_EndRxTransfer
                0x080049d2       0xcc ./Drivers/STM32G4xx_HAL_Driver/Src/stm32g4xx_hal_uart.o
 .text.UART_DMAReceiveCplt
                0x08004a9e      0x12c ./Drivers/STM32G4xx_HAL_Driver/Src/stm32g4xx_hal_uart.o
 .text.UART_DMARxHalfCplt
                0x08004bca       0x3e ./Drivers/STM32G4xx_HAL_Driver/Src/stm32g4xx_hal_uart.o
 .text.UART_DMAError
                0x08004c08       0x80 ./Drivers/STM32G4xx_HAL_Driver/Src/stm32g4xx_hal_uart.o
 .text.UART_DMAAbortOnError
                0x08004c88       0x24 ./Drivers/STM32G4xx_HAL_Driver/Src/stm32g4xx_hal_uart.o
 .text.UART_EndTransmit_IT
                0x08004cac       0x56 ./Drivers/STM32G4xx_HAL_Driver/Src/stm32g4xx_hal_uart.o
 .text.HAL_UARTEx_WakeupCallback
                0x08004d02       0x14 ./Drivers/STM32G4xx_HAL_Driver/Src/stm32g4xx_hal_uart_ex.o
                0x08004d02                HAL_UARTEx_WakeupCallback
 .text.HAL_UARTEx_RxFifoFullCallback
                0x08004d16       0x14 ./Drivers/STM32G4xx_HAL_Driver/Src/stm32g4xx_hal_uart_ex.o
                0x08004d16                HAL_UARTEx_RxFifoFullCallback
 .text.HAL_UARTEx_TxFifoEmptyCallback
                0x08004d2a       0x14 ./Drivers/STM32G4xx_HAL_Driver/Src/stm32g4xx_hal_uart_ex.o
                0x08004d2a                HAL_UARTEx_TxFifoEmptyCallback
 .text.HAL_UARTEx_DisableFifoMode
                0x08004d3e       0x72 ./Drivers/STM32G4xx_HAL_Driver/Src/stm32g4xx_hal_uart_ex.o
                0x08004d3e                HAL_UARTEx_DisableFifoMode
 .text.HAL_UARTEx_SetTxFifoThreshold
                0x08004db0       0x7c ./Drivers/STM32G4xx_HAL_Driver/Src/stm32g4xx_hal_uart_ex.o
                0x08004db0                HAL_UARTEx_SetTxFifoThreshold
 .text.HAL_UARTEx_SetRxFifoThreshold
                0x08004e2c       0x7c ./Drivers/STM32G4xx_HAL_Driver/Src/stm32g4xx_hal_uart_ex.o
                0x08004e2c                HAL_UARTEx_SetRxFifoThreshold
 .text.HAL_UARTEx_ReceiveToIdle_DMA
                0x08004ea8       0xa8 ./Drivers/STM32G4xx_HAL_Driver/Src/stm32g4xx_hal_uart_ex.o
                0x08004ea8                HAL_UARTEx_ReceiveToIdle_DMA
 .text.UARTEx_SetNbDataToProcess
                0x08004f50       0x9c ./Drivers/STM32G4xx_HAL_Driver/Src/stm32g4xx_hal_uart_ex.o
 .text.OS_StartOS
                0x08004fec      0x12c ./OSEK/src/OS.o
                0x08004fec                OS_StartOS
 .text.OS_Schedule
                0x08005118      0x1a8 ./OSEK/src/OS.o
                0x08005118                OS_Schedule
 .text.OS_InitTimer
                0x080052c0        0xc ./OSEK/src/OS.o
 .text.OS_StartTimer
                0x080052cc        0xc ./OSEK/src/OS.o
 .text.OS_Dispatcher
                0x080052d8      0x108 ./OSEK/src/OS.o
                0x080052d8                OS_Dispatcher
 .text.OsCreateNewContext
                0x080053e0       0xc0 ./OSEK/src/OS.o
 .text.OsSysTickTimerIsr
                0x080054a0      0x1f0 ./OSEK/src/OS.o
                0x080054a0                OsSysTickTimerIsr
 .text.OsStoreStackPointer
                0x08005690       0x40 ./OSEK/src/OS.o
                0x08005690                OsStoreStackPointer
 .text.OsGetSavedStackPointer
                0x080056d0       0x38 ./OSEK/src/OS.o
                0x080056d0                OsGetSavedStackPointer
 .text.OsIsrCallDispatch
                0x08005708       0x48 ./OSEK/src/OS.o
                0x08005708                OsIsrCallDispatch
 .text.OS_IdleLoop
                0x08005750        0x8 ./OSEK/src/OS.o
 .text.OsRunCat2Isr
                0x08005758       0x50 ./OSEK/src/OS.o
                0x08005758                OsRunCat2Isr
 .text.OsIsInterruptContext
                0x080057a8       0x2a ./OSEK/src/OS.o
                0x080057a8                OsIsInterruptContext
 *fill*         0x080057d2        0x2 
 .text.OsIsCat2IntContext
                0x080057d4       0x18 ./OSEK/src/OS.o
                0x080057d4                OsIsCat2IntContext
 .text.OS_SetRelAlarm
                0x080057ec      0x160 ./OSEK/src/OsAlarm.o
                0x080057ec                OS_SetRelAlarm
 .text.PendSV_Handler
                0x0800594c       0x18 ./OSEK/src/OsAsm.o
                0x0800594c                PendSV_Handler
 .text.OsGetCurrentSP
                0x08005964        0x8 ./OSEK/src/OsAsm.o
                0x08005964                OsGetCurrentSP
 .text.OsGetPSR
                0x0800596c        0xa ./OSEK/src/OsAsm.o
                0x0800596c                OsGetPSR
 .text.SysTick_Handler
                0x08005976       0x24 ./OSEK/src/OsAsm.o
                0x08005976                SysTick_Handler
 *fill*         0x0800599a        0x2 
 .text.OS_SetEvent
                0x0800599c       0xd0 ./OSEK/src/OsEvt.o
                0x0800599c                OS_SetEvent
 .text.OS_ClearEvent
                0x08005a6c       0x58 ./OSEK/src/OsEvt.o
                0x08005a6c                OS_ClearEvent
 .text.OS_GetEvent
                0x08005ac4       0x68 ./OSEK/src/OsEvt.o
                0x08005ac4                OS_GetEvent
 .text.OS_WaitEvent
                0x08005b2c       0xc8 ./OSEK/src/OsEvt.o
                0x08005b2c                OS_WaitEvent
 .text.OS_ActivateTask
                0x08005bf4       0x94 ./OSEK/src/OsTask.o
                0x08005bf4                OS_ActivateTask
 .text.OS_TerminateTask
                0x08005c88       0x70 ./OSEK/src/OsTask.o
                0x08005c88                OS_TerminateTask
 .text.SysTickTimer_Init
                0x08005cf8       0x4c ./OSEK/src/SysTickTimer.o
                0x08005cf8                SysTickTimer_Init
 .text.SysTickTimer_Start
                0x08005d44       0x20 ./OSEK/src/SysTickTimer.o
                0x08005d44                SysTickTimer_Start
 .text.prv_out_fn_print
                0x08005d64       0x56 ./Third_Party/lwprintf/src/lwprintf/lwprintf.o
 .text.prv_parse_num
                0x08005dba       0x52 ./Third_Party/lwprintf/src/lwprintf/lwprintf.o
 .text.prv_out_str_before
                0x08005e0c      0x25c ./Third_Party/lwprintf/src/lwprintf/lwprintf.o
 .text.prv_out_str_after
                0x08006068       0x44 ./Third_Party/lwprintf/src/lwprintf/lwprintf.o
 .text.prv_out_str_raw
                0x080060ac       0x3c ./Third_Party/lwprintf/src/lwprintf/lwprintf.o
 .text.prv_out_str
                0x080060e8       0x30 ./Third_Party/lwprintf/src/lwprintf/lwprintf.o
 .text.prv_longest_unsigned_int_to_str
                0x08006118      0x102 ./Third_Party/lwprintf/src/lwprintf/lwprintf.o
 .text.prv_longest_signed_int_to_str
                0x0800621a       0x42 ./Third_Party/lwprintf/src/lwprintf/lwprintf.o
 .text.prv_strnlen
                0x0800625c       0x3a ./Third_Party/lwprintf/src/lwprintf/lwprintf.o
                0x0800625c                prv_strnlen
 *fill*         0x08006296        0x2 
 .text.prv_format
                0x08006298      0x948 ./Third_Party/lwprintf/src/lwprintf/lwprintf.o
 .text.lwprintf_init_ex
                0x08006be0       0x2c ./Third_Party/lwprintf/src/lwprintf/lwprintf.o
                0x08006be0                lwprintf_init_ex
 .text.lwprintf_vprintf_ex
                0x08006c0c       0x64 ./Third_Party/lwprintf/src/lwprintf/lwprintf.o
                0x08006c0c                lwprintf_vprintf_ex
 .text.lwprintf_printf_ex
                0x08006c70       0x2c ./Third_Party/lwprintf/src/lwprintf/lwprintf.o
                0x08006c70                lwprintf_printf_ex
 .text.lwrb_init
                0x08006c9c       0x62 ./Third_Party/lwrb/src/lwrb/lwrb.o
                0x08006c9c                lwrb_init
 .text.lwrb_write
                0x08006cfe       0x36 ./Third_Party/lwrb/src/lwrb/lwrb.o
                0x08006cfe                lwrb_write
 .text.lwrb_write_ex
                0x08006d34      0x130 ./Third_Party/lwrb/src/lwrb/lwrb.o
                0x08006d34                lwrb_write_ex
 .text.lwrb_get_free
                0x08006e64       0x7e ./Third_Party/lwrb/src/lwrb/lwrb.o
                0x08006e64                lwrb_get_free
 .text.lwrb_get_full
                0x08006ee2       0x7c ./Third_Party/lwrb/src/lwrb/lwrb.o
                0x08006ee2                lwrb_get_full
 .text.lwrb_get_linear_block_read_address
                0x08006f5e       0x4a ./Third_Party/lwrb/src/lwrb/lwrb.o
                0x08006f5e                lwrb_get_linear_block_read_address
 .text.lwrb_get_linear_block_read_length
                0x08006fa8       0x86 ./Third_Party/lwrb/src/lwrb/lwrb.o
                0x08006fa8                lwrb_get_linear_block_read_length
 .text.lwrb_skip
                0x0800702e       0xa8 ./Third_Party/lwrb/src/lwrb/lwrb.o
                0x0800702e                lwrb_skip
 *fill*         0x080070d6        0x2 
 .text.prv_parse_input
                0x080070d8      0x36c ./Third_Party/lwshell/src/lwshell/lwshell.o
 .text.lwshell_init_ex
                0x08007444       0x30 ./Third_Party/lwshell/src/lwshell/lwshell.o
                0x08007444                lwshell_init_ex
 .text.lwshell_set_output_fn_ex
                0x08007474       0x30 ./Third_Party/lwshell/src/lwshell/lwshell.o
                0x08007474                lwshell_set_output_fn_ex
 .text.lwshell_register_cmd_ex
                0x080074a4       0xac ./Third_Party/lwshell/src/lwshell/lwshell.o
                0x080074a4                lwshell_register_cmd_ex
 .text.lwshell_input_ex
                0x08007550      0x168 ./Third_Party/lwshell/src/lwshell/lwshell.o
                0x08007550                lwshell_input_ex
 .text.lwshell_user_output
                0x080076b8       0x20 ./Third_Party/lwshell/src/lwshell/lwshell_user.o
 .text.hello_cmd
                0x080076d8       0x60 ./Third_Party/lwshell/src/lwshell/lwshell_user.o
 .text.lwshell_user_init
                0x08007738       0x34 ./Third_Party/lwshell/src/lwshell/lwshell_user.o
                0x08007738                lwshell_user_init
 .text.memset   0x0800776c       0x10 C:/ST/STM32CubeIDE_1.19.0/STM32CubeIDE/plugins/com.st.stm32cube.ide.mcu.externaltools.gnu-tools-for-stm32.13.3.rel1.win32_1.0.0.202411081344/tools/bin/../lib/gcc/arm-none-eabi/13.3.1/../../../../arm-none-eabi/lib/thumb/v7e-m+fp/hard\libc_nano.a(libc_a-memset.o)
                0x0800776c                memset
 .text.strncmp  0x0800777c       0x24 C:/ST/STM32CubeIDE_1.19.0/STM32CubeIDE/plugins/com.st.stm32cube.ide.mcu.externaltools.gnu-tools-for-stm32.13.3.rel1.win32_1.0.0.202411081344/tools/bin/../lib/gcc/arm-none-eabi/13.3.1/../../../../arm-none-eabi/lib/thumb/v7e-m+fp/hard\libc_nano.a(libc_a-strncmp.o)
                0x0800777c                strncmp
 .text.__libc_init_array
                0x080077a0       0x48 C:/ST/STM32CubeIDE_1.19.0/STM32CubeIDE/plugins/com.st.stm32cube.ide.mcu.externaltools.gnu-tools-for-stm32.13.3.rel1.win32_1.0.0.202411081344/tools/bin/../lib/gcc/arm-none-eabi/13.3.1/../../../../arm-none-eabi/lib/thumb/v7e-m+fp/hard\libc_nano.a(libc_a-init.o)
                0x080077a0                __libc_init_array
 .text.memcpy   0x080077e8       0x1c C:/ST/STM32CubeIDE_1.19.0/STM32CubeIDE/plugins/com.st.stm32cube.ide.mcu.externaltools.gnu-tools-for-stm32.13.3.rel1.win32_1.0.0.202411081344/tools/bin/../lib/gcc/arm-none-eabi/13.3.1/../../../../arm-none-eabi/lib/thumb/v7e-m+fp/hard\libc_nano.a(libc_a-memcpy-stub.o)
                0x080077e8                memcpy
 *(.glue_7)
 .glue_7        0x08007804        0x0 linker stubs
 *(.glue_7t)
 .glue_7t       0x08007804        0x0 linker stubs
 *(.eh_frame)
 .eh_frame      0x08007804        0x0 C:/ST/STM32CubeIDE_1.19.0/STM32CubeIDE/plugins/com.st.stm32cube.ide.mcu.externaltools.gnu-tools-for-stm32.13.3.rel1.win32_1.0.0.202411081344/tools/bin/../lib/gcc/arm-none-eabi/13.3.1/thumb/v7e-m+fp/hard/crtbegin.o
 *(.init)
 .init          0x08007804        0x4 C:/ST/STM32CubeIDE_1.19.0/STM32CubeIDE/plugins/com.st.stm32cube.ide.mcu.externaltools.gnu-tools-for-stm32.13.3.rel1.win32_1.0.0.202411081344/tools/bin/../lib/gcc/arm-none-eabi/13.3.1/thumb/v7e-m+fp/hard/crti.o
                0x08007804                _init
 .init          0x08007808        0x8 C:/ST/STM32CubeIDE_1.19.0/STM32CubeIDE/plugins/com.st.stm32cube.ide.mcu.externaltools.gnu-tools-for-stm32.13.3.rel1.win32_1.0.0.202411081344/tools/bin/../lib/gcc/arm-none-eabi/13.3.1/thumb/v7e-m+fp/hard/crtn.o
 *(.fini)
 .fini          0x08007810        0x4 C:/ST/STM32CubeIDE_1.19.0/STM32CubeIDE/plugins/com.st.stm32cube.ide.mcu.externaltools.gnu-tools-for-stm32.13.3.rel1.win32_1.0.0.202411081344/tools/bin/../lib/gcc/arm-none-eabi/13.3.1/thumb/v7e-m+fp/hard/crti.o
                0x08007810                _fini
 .fini          0x08007814        0x8 C:/ST/STM32CubeIDE_1.19.0/STM32CubeIDE/plugins/com.st.stm32cube.ide.mcu.externaltools.gnu-tools-for-stm32.13.3.rel1.win32_1.0.0.202411081344/tools/bin/../lib/gcc/arm-none-eabi/13.3.1/thumb/v7e-m+fp/hard/crtn.o
                0x0800781c                        . = ALIGN (0x4)
                0x0800781c                        _etext = .

.vfp11_veneer   0x0800781c        0x0
 .vfp11_veneer  0x0800781c        0x0 linker stubs

.v4_bx          0x0800781c        0x0
 .v4_bx         0x0800781c        0x0 linker stubs

.iplt           0x0800781c        0x0
 .iplt          0x0800781c        0x0 C:/ST/STM32CubeIDE_1.19.0/STM32CubeIDE/plugins/com.st.stm32cube.ide.mcu.externaltools.gnu-tools-for-stm32.13.3.rel1.win32_1.0.0.202411081344/tools/bin/../lib/gcc/arm-none-eabi/13.3.1/thumb/v7e-m+fp/hard/crtbegin.o

.rodata         0x0800781c      0x1c4
                0x0800781c                        . = ALIGN (0x4)
 *(.rodata)
 .rodata        0x0800781c       0xb9 ./Core/Src/main.o
 *fill*         0x080078d5        0x3 
 .rodata        0x080078d8        0xb ./Third_Party/lwprintf/src/lwprintf/lwprintf.o
 *fill*         0x080078e3        0x1 
 .rodata        0x080078e4       0x70 ./Third_Party/lwshell/src/lwshell/lwshell.o
 .rodata        0x08007954       0x4a ./Third_Party/lwshell/src/lwshell/lwshell_user.o
 *(.rodata*)
 *fill*         0x0800799e        0x2 
 .rodata.AHBPrescTable
                0x080079a0       0x10 ./Core/Src/system_stm32g4xx.o
                0x080079a0                AHBPrescTable
 .rodata.APBPrescTable
                0x080079b0        0x8 ./Core/Src/system_stm32g4xx.o
                0x080079b0                APBPrescTable
 .rodata.UARTPrescTable
                0x080079b8       0x18 ./Drivers/STM32G4xx_HAL_Driver/Src/stm32g4xx_hal_uart.o
                0x080079b8                UARTPrescTable
 .rodata.numerator.1
                0x080079d0        0x8 ./Drivers/STM32G4xx_HAL_Driver/Src/stm32g4xx_hal_uart_ex.o
 .rodata.denominator.0
                0x080079d8        0x8 ./Drivers/STM32G4xx_HAL_Driver/Src/stm32g4xx_hal_uart_ex.o
                0x080079e0                        . = ALIGN (0x4)

.ARM.extab      0x080079e0        0x0
                0x080079e0                        . = ALIGN (0x4)
 *(.ARM.extab* .gnu.linkonce.armextab.*)
                0x080079e0                        . = ALIGN (0x4)

.ARM            0x080079e0        0x8
                0x080079e0                        . = ALIGN (0x4)
                0x080079e0                        __exidx_start = .
 *(.ARM.exidx*)
 .ARM.exidx     0x080079e0        0x8 C:/ST/STM32CubeIDE_1.19.0/STM32CubeIDE/plugins/com.st.stm32cube.ide.mcu.externaltools.gnu-tools-for-stm32.13.3.rel1.win32_1.0.0.202411081344/tools/bin/../lib/gcc/arm-none-eabi/13.3.1/../../../../arm-none-eabi/lib/thumb/v7e-m+fp/hard\libc_nano.a(libc_a-strlen.o)
 .ARM.exidx     0x080079e8        0x0 C:/ST/STM32CubeIDE_1.19.0/STM32CubeIDE/plugins/com.st.stm32cube.ide.mcu.externaltools.gnu-tools-for-stm32.13.3.rel1.win32_1.0.0.202411081344/tools/bin/../lib/gcc/arm-none-eabi/13.3.1/thumb/v7e-m+fp/hard\libgcc.a(_udivmoddi4.o)
                                  0x8 (size before relaxing)
                0x080079e8                        __exidx_end = .
                0x080079e8                        . = ALIGN (0x4)

.preinit_array  0x080079e8        0x0
                0x080079e8                        . = ALIGN (0x4)
                0x080079e8                        PROVIDE (__preinit_array_start = .)
 *(.preinit_array*)
                0x080079e8                        PROVIDE (__preinit_array_end = .)
                0x080079e8                        . = ALIGN (0x4)

.init_array     0x080079e8        0x4
                0x080079e8                        . = ALIGN (0x4)
                0x080079e8                        PROVIDE (__init_array_start = .)
 *(SORT_BY_NAME(.init_array.*))
 *(.init_array*)
 .init_array    0x080079e8        0x4 C:/ST/STM32CubeIDE_1.19.0/STM32CubeIDE/plugins/com.st.stm32cube.ide.mcu.externaltools.gnu-tools-for-stm32.13.3.rel1.win32_1.0.0.202411081344/tools/bin/../lib/gcc/arm-none-eabi/13.3.1/thumb/v7e-m+fp/hard/crtbegin.o
                0x080079ec                        PROVIDE (__init_array_end = .)
                0x080079ec                        . = ALIGN (0x4)

.fini_array     0x080079ec        0x4
                0x080079ec                        . = ALIGN (0x4)
                [!provide]                        PROVIDE (__fini_array_start = .)
 *(SORT_BY_NAME(.fini_array.*))
 *(.fini_array*)
 .fini_array    0x080079ec        0x4 C:/ST/STM32CubeIDE_1.19.0/STM32CubeIDE/plugins/com.st.stm32cube.ide.mcu.externaltools.gnu-tools-for-stm32.13.3.rel1.win32_1.0.0.202411081344/tools/bin/../lib/gcc/arm-none-eabi/13.3.1/thumb/v7e-m+fp/hard/crtbegin.o
                [!provide]                        PROVIDE (__fini_array_end = .)
                0x080079f0                        . = ALIGN (0x4)
                0x080079f0                        _sidata = LOADADDR (.data)

.rel.dyn        0x080079f0        0x0
 .rel.iplt      0x080079f0        0x0 C:/ST/STM32CubeIDE_1.19.0/STM32CubeIDE/plugins/com.st.stm32cube.ide.mcu.externaltools.gnu-tools-for-stm32.13.3.rel1.win32_1.0.0.202411081344/tools/bin/../lib/gcc/arm-none-eabi/13.3.1/thumb/v7e-m+fp/hard/crtbegin.o

.data           0x20000000      0x140 load address 0x080079f0
                0x20000000                        . = ALIGN (0x4)
                0x20000000                        _sdata = .
 *(.data)
 *(.data*)
 .data.SystemCoreClock
                0x20000000        0x4 ./Core/Src/system_stm32g4xx.o
                0x20000000                SystemCoreClock
 .data.uwTickPrio
                0x20000004        0x4 ./Drivers/STM32G4xx_HAL_Driver/Src/stm32g4xx_hal.o
                0x20000004                uwTickPrio
 .data.uwTickFreq
                0x20000008        0x4 ./Drivers/STM32G4xx_HAL_Driver/Src/stm32g4xx_hal.o
                0x20000008                uwTickFreq
 .data.StkCtrl  0x2000000c        0x4 ./OSEK/src/SysTickTimer.o
                0x2000000c                StkCtrl
 .data.Tcb_t_Idle
                0x20000010       0x34 ./OSEK/src/TCB.o
 .data.Tcb_t_T1
                0x20000044       0x34 ./OSEK/src/TCB.o
 .data.Alarm_ALARM_BLUE_LED
                0x20000078       0x24 ./OSEK/src/TCB.o
 .data.Alarm_ALARM_GREEN_LED
                0x2000009c       0x24 ./OSEK/src/TCB.o
 .data.AuthorizedTask_RES_SCHEDULER
                0x200000c0        0x8 ./OSEK/src/TCB.o
 .data.Resource_RES_SCHEDULER
                0x200000c8        0xc ./OSEK/src/TCB.o
 .data.IsrLookupTable
                0x200000d4       0x10 ./OSEK/src/TCB.o
                0x200000d4                IsrLookupTable
 .data.CCB_Cfg  0x200000e4        0xc ./OSEK/src/TCB.o
 .data.Alarm_Cfg
                0x200000f0        0xc ./OSEK/src/TCB.o
 .data.Res_Cfg  0x200000fc        0x8 ./OSEK/src/TCB.o
 *fill*         0x20000104        0x4 
 .data.OCB_Cfg  0x20000108       0x38 ./OSEK/src/TCB.o
                0x20000108                OCB_Cfg
 *(.RamFunc)
 *(.RamFunc*)
                0x20000140                        . = ALIGN (0x4)
                0x20000140                        _edata = .

.igot.plt       0x20000140        0x0 load address 0x08007b30
 .igot.plt      0x20000140        0x0 C:/ST/STM32CubeIDE_1.19.0/STM32CubeIDE/plugins/com.st.stm32cube.ide.mcu.externaltools.gnu-tools-for-stm32.13.3.rel1.win32_1.0.0.202411081344/tools/bin/../lib/gcc/arm-none-eabi/13.3.1/thumb/v7e-m+fp/hard/crtbegin.o
                0x20000140                        . = ALIGN (0x4)

.bss            0x20000140      0x8b8 load address 0x08007b30
                0x20000140                        _sbss = .
                0x20000140                        __bss_start__ = _sbss
 *(.bss)
 .bss           0x20000140       0x1c C:/ST/STM32CubeIDE_1.19.0/STM32CubeIDE/plugins/com.st.stm32cube.ide.mcu.externaltools.gnu-tools-for-stm32.13.3.rel1.win32_1.0.0.202411081344/tools/bin/../lib/gcc/arm-none-eabi/13.3.1/thumb/v7e-m+fp/hard/crtbegin.o
 *(.bss*)
 .bss.hi2c1     0x2000015c       0x54 ./Core/Src/i2c.o
                0x2000015c                hi2c1
 .bss.uart_buffer
                0x200001b0       0x44 ./Core/Src/main.o
                0x200001b0                uart_buffer
 .bss.usart_tx_rb
                0x200001f4       0x18 ./Core/Src/main.o
                0x200001f4                usart_tx_rb
 .bss.usart_tx_rb_data
                0x2000020c       0x80 ./Core/Src/main.o
                0x2000020c                usart_tx_rb_data
 .bss.usart_tx_dma_current_len
                0x2000028c        0x4 ./Core/Src/main.o
                0x2000028c                usart_tx_dma_current_len
 .bss.usart_rx_dma_buffer
                0x20000290       0x40 ./Core/Src/main.o
                0x20000290                usart_rx_dma_buffer
 .bss.old_pos.0
                0x200002d0        0x4 ./Core/Src/main.o
 .bss.hspi1     0x200002d4       0x64 ./Core/Src/spi.o
                0x200002d4                hspi1
 .bss.htim17    0x20000338       0x4c ./Core/Src/stm32g4xx_hal_timebase_tim.o
                0x20000338                htim17
 .bss.huart1    0x20000384       0x94 ./Core/Src/usart.o
                0x20000384                huart1
 .bss.hdma_usart1_rx
                0x20000418       0x60 ./Core/Src/usart.o
                0x20000418                hdma_usart1_rx
 .bss.uwTick    0x20000478        0x4 ./Drivers/STM32G4xx_HAL_Driver/Src/stm32g4xx_hal.o
                0x20000478                uwTick
 .bss.Stack_T_Idle
                0x2000047c      0x200 ./OSEK/src/TCB.o
                0x2000047c                Stack_T_Idle
 .bss.Stack_T_T1
                0x2000067c      0x200 ./OSEK/src/TCB.o
                0x2000067c                Stack_T_T1
 .bss.lwprintf_default
                0x2000087c        0x8 ./Third_Party/lwprintf/src/lwprintf/lwprintf.o
 .bss.shell     0x20000884      0x174 ./Third_Party/lwshell/src/lwshell/lwshell.o
 *(COMMON)
                0x200009f8                        . = ALIGN (0x4)
                0x200009f8                        _ebss = .
                0x200009f8                        __bss_end__ = _ebss

._user_heap_stack
                0x200009f8      0x600 load address 0x08007b30
                0x200009f8                        . = ALIGN (0x8)
                [!provide]                        PROVIDE (end = .)
                0x200009f8                        PROVIDE (_end = .)
                0x20000bf8                        . = (. + _Min_Heap_Size)
 *fill*         0x200009f8      0x200 
                0x20000ff8                        . = (. + _Min_Stack_Size)
 *fill*         0x20000bf8      0x400 
                0x20000ff8                        . = ALIGN (0x8)

/DISCARD/
 libc.a(*)
 libm.a(*)
 libgcc.a(*)

.ARM.attributes
                0x00000000       0x30
 *(.ARM.attributes)
 .ARM.attributes
                0x00000000       0x22 C:/ST/STM32CubeIDE_1.19.0/STM32CubeIDE/plugins/com.st.stm32cube.ide.mcu.externaltools.gnu-tools-for-stm32.13.3.rel1.win32_1.0.0.202411081344/tools/bin/../lib/gcc/arm-none-eabi/13.3.1/thumb/v7e-m+fp/hard/crti.o
 .ARM.attributes
                0x00000022       0x34 C:/ST/STM32CubeIDE_1.19.0/STM32CubeIDE/plugins/com.st.stm32cube.ide.mcu.externaltools.gnu-tools-for-stm32.13.3.rel1.win32_1.0.0.202411081344/tools/bin/../lib/gcc/arm-none-eabi/13.3.1/thumb/v7e-m+fp/hard/crtbegin.o
 .ARM.attributes
                0x00000056       0x34 ./Core/Src/dma.o
 .ARM.attributes
                0x0000008a       0x34 ./Core/Src/gpio.o
 .ARM.attributes
                0x000000be       0x34 ./Core/Src/i2c.o
 .ARM.attributes
                0x000000f2       0x34 ./Core/Src/main.o
 .ARM.attributes
                0x00000126       0x34 ./Core/Src/osek_task.o
 .ARM.attributes
                0x0000015a       0x34 ./Core/Src/spi.o
 .ARM.attributes
                0x0000018e       0x34 ./Core/Src/stm32g4xx_hal_msp.o
 .ARM.attributes
                0x000001c2       0x34 ./Core/Src/stm32g4xx_hal_timebase_tim.o
 .ARM.attributes
                0x000001f6       0x34 ./Core/Src/stm32g4xx_it.o
 .ARM.attributes
                0x0000022a       0x34 ./Core/Src/system_stm32g4xx.o
 .ARM.attributes
                0x0000025e       0x34 ./Core/Src/usart.o
 .ARM.attributes
                0x00000292       0x21 ./Core/Startup/startup_stm32g431cbux.o
 .ARM.attributes
                0x000002b3       0x34 ./Drivers/STM32G4xx_HAL_Driver/Src/stm32g4xx_hal.o
 .ARM.attributes
                0x000002e7       0x34 ./Drivers/STM32G4xx_HAL_Driver/Src/stm32g4xx_hal_cortex.o
 .ARM.attributes
                0x0000031b       0x34 ./Drivers/STM32G4xx_HAL_Driver/Src/stm32g4xx_hal_dma.o
 .ARM.attributes
                0x0000034f       0x34 ./Drivers/STM32G4xx_HAL_Driver/Src/stm32g4xx_hal_gpio.o
 .ARM.attributes
                0x00000383       0x34 ./Drivers/STM32G4xx_HAL_Driver/Src/stm32g4xx_hal_i2c.o
 .ARM.attributes
                0x000003b7       0x34 ./Drivers/STM32G4xx_HAL_Driver/Src/stm32g4xx_hal_i2c_ex.o
 .ARM.attributes
                0x000003eb       0x34 ./Drivers/STM32G4xx_HAL_Driver/Src/stm32g4xx_hal_pwr_ex.o
 .ARM.attributes
                0x0000041f       0x34 ./Drivers/STM32G4xx_HAL_Driver/Src/stm32g4xx_hal_rcc.o
 .ARM.attributes
                0x00000453       0x34 ./Drivers/STM32G4xx_HAL_Driver/Src/stm32g4xx_hal_rcc_ex.o
 .ARM.attributes
                0x00000487       0x34 ./Drivers/STM32G4xx_HAL_Driver/Src/stm32g4xx_hal_spi.o
 .ARM.attributes
                0x000004bb       0x34 ./Drivers/STM32G4xx_HAL_Driver/Src/stm32g4xx_hal_tim.o
 .ARM.attributes
                0x000004ef       0x34 ./Drivers/STM32G4xx_HAL_Driver/Src/stm32g4xx_hal_tim_ex.o
 .ARM.attributes
                0x00000523       0x34 ./Drivers/STM32G4xx_HAL_Driver/Src/stm32g4xx_hal_uart.o
 .ARM.attributes
                0x00000557       0x34 ./Drivers/STM32G4xx_HAL_Driver/Src/stm32g4xx_hal_uart_ex.o
 .ARM.attributes
                0x0000058b       0x34 ./OSEK/src/OS.o
 .ARM.attributes
                0x000005bf       0x34 ./OSEK/src/OsAlarm.o
 .ARM.attributes
                0x000005f3       0x34 ./OSEK/src/OsAsm.o
 .ARM.attributes
                0x00000627       0x34 ./OSEK/src/OsEvt.o
 .ARM.attributes
                0x0000065b       0x34 ./OSEK/src/OsTask.o
 .ARM.attributes
                0x0000068f       0x34 ./OSEK/src/SysTickTimer.o
 .ARM.attributes
                0x000006c3       0x34 ./OSEK/src/TCB.o
 .ARM.attributes
                0x000006f7       0x34 ./Third_Party/lwprintf/src/lwprintf/lwprintf.o
 .ARM.attributes
                0x0000072b       0x34 ./Third_Party/lwrb/src/lwrb/lwrb.o
 .ARM.attributes
                0x0000075f       0x34 ./Third_Party/lwshell/src/lwshell/lwshell.o
 .ARM.attributes
                0x00000793       0x34 ./Third_Party/lwshell/src/lwshell/lwshell_user.o
 .ARM.attributes
                0x000007c7       0x34 C:/ST/STM32CubeIDE_1.19.0/STM32CubeIDE/plugins/com.st.stm32cube.ide.mcu.externaltools.gnu-tools-for-stm32.13.3.rel1.win32_1.0.0.202411081344/tools/bin/../lib/gcc/arm-none-eabi/13.3.1/../../../../arm-none-eabi/lib/thumb/v7e-m+fp/hard\libc_nano.a(libc_a-memset.o)
 .ARM.attributes
                0x000007fb       0x34 C:/ST/STM32CubeIDE_1.19.0/STM32CubeIDE/plugins/com.st.stm32cube.ide.mcu.externaltools.gnu-tools-for-stm32.13.3.rel1.win32_1.0.0.202411081344/tools/bin/../lib/gcc/arm-none-eabi/13.3.1/../../../../arm-none-eabi/lib/thumb/v7e-m+fp/hard\libc_nano.a(libc_a-strncmp.o)
 .ARM.attributes
                0x0000082f       0x34 C:/ST/STM32CubeIDE_1.19.0/STM32CubeIDE/plugins/com.st.stm32cube.ide.mcu.externaltools.gnu-tools-for-stm32.13.3.rel1.win32_1.0.0.202411081344/tools/bin/../lib/gcc/arm-none-eabi/13.3.1/../../../../arm-none-eabi/lib/thumb/v7e-m+fp/hard\libc_nano.a(libc_a-init.o)
 .ARM.attributes
                0x00000863       0x34 C:/ST/STM32CubeIDE_1.19.0/STM32CubeIDE/plugins/com.st.stm32cube.ide.mcu.externaltools.gnu-tools-for-stm32.13.3.rel1.win32_1.0.0.202411081344/tools/bin/../lib/gcc/arm-none-eabi/13.3.1/../../../../arm-none-eabi/lib/thumb/v7e-m+fp/hard\libc_nano.a(libc_a-memcpy-stub.o)
 .ARM.attributes
                0x00000897       0x17 C:/ST/STM32CubeIDE_1.19.0/STM32CubeIDE/plugins/com.st.stm32cube.ide.mcu.externaltools.gnu-tools-for-stm32.13.3.rel1.win32_1.0.0.202411081344/tools/bin/../lib/gcc/arm-none-eabi/13.3.1/../../../../arm-none-eabi/lib/thumb/v7e-m+fp/hard\libc_nano.a(libc_a-strlen.o)
 .ARM.attributes
                0x000008ae       0x22 C:/ST/STM32CubeIDE_1.19.0/STM32CubeIDE/plugins/com.st.stm32cube.ide.mcu.externaltools.gnu-tools-for-stm32.13.3.rel1.win32_1.0.0.202411081344/tools/bin/../lib/gcc/arm-none-eabi/13.3.1/thumb/v7e-m+fp/hard\libgcc.a(_aeabi_uldivmod.o)
 .ARM.attributes
                0x000008d0       0x34 C:/ST/STM32CubeIDE_1.19.0/STM32CubeIDE/plugins/com.st.stm32cube.ide.mcu.externaltools.gnu-tools-for-stm32.13.3.rel1.win32_1.0.0.202411081344/tools/bin/../lib/gcc/arm-none-eabi/13.3.1/thumb/v7e-m+fp/hard\libgcc.a(_udivmoddi4.o)
 .ARM.attributes
                0x00000904       0x22 C:/ST/STM32CubeIDE_1.19.0/STM32CubeIDE/plugins/com.st.stm32cube.ide.mcu.externaltools.gnu-tools-for-stm32.13.3.rel1.win32_1.0.0.202411081344/tools/bin/../lib/gcc/arm-none-eabi/13.3.1/thumb/v7e-m+fp/hard\libgcc.a(_dvmd_tls.o)
 .ARM.attributes
                0x00000926       0x22 C:/ST/STM32CubeIDE_1.19.0/STM32CubeIDE/plugins/com.st.stm32cube.ide.mcu.externaltools.gnu-tools-for-stm32.13.3.rel1.win32_1.0.0.202411081344/tools/bin/../lib/gcc/arm-none-eabi/13.3.1/thumb/v7e-m+fp/hard/crtn.o
OUTPUT(STM32G431CUB6_Demo.elf elf32-littlearm)
LOAD linker stubs
LOAD C:/ST/STM32CubeIDE_1.19.0/STM32CubeIDE/plugins/com.st.stm32cube.ide.mcu.externaltools.gnu-tools-for-stm32.13.3.rel1.win32_1.0.0.202411081344/tools/bin/../lib/gcc/arm-none-eabi/13.3.1/../../../../arm-none-eabi/lib/thumb/v7e-m+fp/hard\libc.a
LOAD C:/ST/STM32CubeIDE_1.19.0/STM32CubeIDE/plugins/com.st.stm32cube.ide.mcu.externaltools.gnu-tools-for-stm32.13.3.rel1.win32_1.0.0.202411081344/tools/bin/../lib/gcc/arm-none-eabi/13.3.1/../../../../arm-none-eabi/lib/thumb/v7e-m+fp/hard\libm.a
LOAD C:/ST/STM32CubeIDE_1.19.0/STM32CubeIDE/plugins/com.st.stm32cube.ide.mcu.externaltools.gnu-tools-for-stm32.13.3.rel1.win32_1.0.0.202411081344/tools/bin/../lib/gcc/arm-none-eabi/13.3.1/thumb/v7e-m+fp/hard\libgcc.a

.debug_info     0x00000000    0x1eb47
 .debug_info    0x00000000      0x4f2 ./Core/Src/dma.o
 .debug_info    0x000004f2      0x47f ./Core/Src/gpio.o
 .debug_info    0x00000971      0xc8c ./Core/Src/i2c.o
 .debug_info    0x000015fd     0x1fb3 ./Core/Src/main.o
 .debug_info    0x000035b0      0x39b ./Core/Src/osek_task.o
 .debug_info    0x0000394b      0xaf6 ./Core/Src/spi.o
 .debug_info    0x00004441      0x4ec ./Core/Src/stm32g4xx_hal_msp.o
 .debug_info    0x0000492d      0xdbe ./Core/Src/stm32g4xx_hal_timebase_tim.o
 .debug_info    0x000056eb      0xc67 ./Core/Src/stm32g4xx_it.o
 .debug_info    0x00006352      0x58e ./Core/Src/system_stm32g4xx.o
 .debug_info    0x000068e0     0x1007 ./Core/Src/usart.o
 .debug_info    0x000078e7       0x30 ./Core/Startup/startup_stm32g431cbux.o
 .debug_info    0x00007917      0xadb ./Drivers/STM32G4xx_HAL_Driver/Src/stm32g4xx_hal.o
 .debug_info    0x000083f2      0xd3f ./Drivers/STM32G4xx_HAL_Driver/Src/stm32g4xx_hal_cortex.o
 .debug_info    0x00009131      0x85f ./Drivers/STM32G4xx_HAL_Driver/Src/stm32g4xx_hal_dma.o
 .debug_info    0x00009990      0x763 ./Drivers/STM32G4xx_HAL_Driver/Src/stm32g4xx_hal_gpio.o
 .debug_info    0x0000a0f3     0x21ea ./Drivers/STM32G4xx_HAL_Driver/Src/stm32g4xx_hal_i2c.o
 .debug_info    0x0000c2dd      0xad6 ./Drivers/STM32G4xx_HAL_Driver/Src/stm32g4xx_hal_i2c_ex.o
 .debug_info    0x0000cdb3      0x93f ./Drivers/STM32G4xx_HAL_Driver/Src/stm32g4xx_hal_pwr_ex.o
 .debug_info    0x0000d6f2      0xb82 ./Drivers/STM32G4xx_HAL_Driver/Src/stm32g4xx_hal_rcc.o
 .debug_info    0x0000e274      0xc15 ./Drivers/STM32G4xx_HAL_Driver/Src/stm32g4xx_hal_rcc_ex.o
 .debug_info    0x0000ee89     0x1677 ./Drivers/STM32G4xx_HAL_Driver/Src/stm32g4xx_hal_spi.o
 .debug_info    0x00010500     0x2c52 ./Drivers/STM32G4xx_HAL_Driver/Src/stm32g4xx_hal_tim.o
 .debug_info    0x00013152     0x1d95 ./Drivers/STM32G4xx_HAL_Driver/Src/stm32g4xx_hal_tim_ex.o
 .debug_info    0x00014ee7     0x481e ./Drivers/STM32G4xx_HAL_Driver/Src/stm32g4xx_hal_uart.o
 .debug_info    0x00019705      0xfdd ./Drivers/STM32G4xx_HAL_Driver/Src/stm32g4xx_hal_uart_ex.o
 .debug_info    0x0001a6e2      0x98c ./OSEK/src/OS.o
 .debug_info    0x0001b06e      0x649 ./OSEK/src/OsAlarm.o
 .debug_info    0x0001b6b7      0x134 ./OSEK/src/OsAsm.o
 .debug_info    0x0001b7eb      0x683 ./OSEK/src/OsEvt.o
 .debug_info    0x0001be6e      0x629 ./OSEK/src/OsTask.o
 .debug_info    0x0001c497       0xdd ./OSEK/src/SysTickTimer.o
 .debug_info    0x0001c574      0x667 ./OSEK/src/TCB.o
 .debug_info    0x0001cbdb      0x9ac ./Third_Party/lwprintf/src/lwprintf/lwprintf.o
 .debug_info    0x0001d587      0xdc9 ./Third_Party/lwrb/src/lwrb/lwrb.o
 .debug_info    0x0001e350      0x474 ./Third_Party/lwshell/src/lwshell/lwshell.o
 .debug_info    0x0001e7c4      0x383 ./Third_Party/lwshell/src/lwshell/lwshell_user.o

.debug_abbrev   0x00000000     0x474b
 .debug_abbrev  0x00000000      0x109 ./Core/Src/dma.o
 .debug_abbrev  0x00000109      0x152 ./Core/Src/gpio.o
 .debug_abbrev  0x0000025b      0x213 ./Core/Src/i2c.o
 .debug_abbrev  0x0000046e      0x3c6 ./Core/Src/main.o
 .debug_abbrev  0x00000834      0x169 ./Core/Src/osek_task.o
 .debug_abbrev  0x0000099d      0x1f6 ./Core/Src/spi.o
 .debug_abbrev  0x00000b93      0x11a ./Core/Src/stm32g4xx_hal_msp.o
 .debug_abbrev  0x00000cad      0x223 ./Core/Src/stm32g4xx_hal_timebase_tim.o
 .debug_abbrev  0x00000ed0      0x1b8 ./Core/Src/stm32g4xx_it.o
 .debug_abbrev  0x00001088      0x11a ./Core/Src/system_stm32g4xx.o
 .debug_abbrev  0x000011a2      0x226 ./Core/Src/usart.o
 .debug_abbrev  0x000013c8       0x24 ./Core/Startup/startup_stm32g431cbux.o
 .debug_abbrev  0x000013ec      0x271 ./Drivers/STM32G4xx_HAL_Driver/Src/stm32g4xx_hal.o
 .debug_abbrev  0x0000165d      0x31c ./Drivers/STM32G4xx_HAL_Driver/Src/stm32g4xx_hal_cortex.o
 .debug_abbrev  0x00001979      0x1e2 ./Drivers/STM32G4xx_HAL_Driver/Src/stm32g4xx_hal_dma.o
 .debug_abbrev  0x00001b5b      0x1cb ./Drivers/STM32G4xx_HAL_Driver/Src/stm32g4xx_hal_gpio.o
 .debug_abbrev  0x00001d26      0x25e ./Drivers/STM32G4xx_HAL_Driver/Src/stm32g4xx_hal_i2c.o
 .debug_abbrev  0x00001f84      0x1c0 ./Drivers/STM32G4xx_HAL_Driver/Src/stm32g4xx_hal_i2c_ex.o
 .debug_abbrev  0x00002144      0x22c ./Drivers/STM32G4xx_HAL_Driver/Src/stm32g4xx_hal_pwr_ex.o
 .debug_abbrev  0x00002370      0x2c9 ./Drivers/STM32G4xx_HAL_Driver/Src/stm32g4xx_hal_rcc.o
 .debug_abbrev  0x00002639      0x258 ./Drivers/STM32G4xx_HAL_Driver/Src/stm32g4xx_hal_rcc_ex.o
 .debug_abbrev  0x00002891      0x25d ./Drivers/STM32G4xx_HAL_Driver/Src/stm32g4xx_hal_spi.o
 .debug_abbrev  0x00002aee      0x2a7 ./Drivers/STM32G4xx_HAL_Driver/Src/stm32g4xx_hal_tim.o
 .debug_abbrev  0x00002d95      0x2c5 ./Drivers/STM32G4xx_HAL_Driver/Src/stm32g4xx_hal_tim_ex.o
 .debug_abbrev  0x0000305a      0x304 ./Drivers/STM32G4xx_HAL_Driver/Src/stm32g4xx_hal_uart.o
 .debug_abbrev  0x0000335e      0x2d2 ./Drivers/STM32G4xx_HAL_Driver/Src/stm32g4xx_hal_uart_ex.o
 .debug_abbrev  0x00003630      0x28a ./OSEK/src/OS.o
 .debug_abbrev  0x000038ba       0xfa ./OSEK/src/OsAlarm.o
 .debug_abbrev  0x000039b4      0x103 ./OSEK/src/OsAsm.o
 .debug_abbrev  0x00003ab7      0x135 ./OSEK/src/OsEvt.o
 .debug_abbrev  0x00003bec      0x150 ./OSEK/src/OsTask.o
 .debug_abbrev  0x00003d3c       0x97 ./OSEK/src/SysTickTimer.o
 .debug_abbrev  0x00003dd3      0x120 ./OSEK/src/TCB.o
 .debug_abbrev  0x00003ef3      0x26c ./Third_Party/lwprintf/src/lwprintf/lwprintf.o
 .debug_abbrev  0x0000415f      0x21e ./Third_Party/lwrb/src/lwrb/lwrb.o
 .debug_abbrev  0x0000437d      0x22a ./Third_Party/lwshell/src/lwshell/lwshell.o
 .debug_abbrev  0x000045a7      0x1a4 ./Third_Party/lwshell/src/lwshell/lwshell_user.o

.debug_aranges  0x00000000     0x1a10
 .debug_aranges
                0x00000000       0x20 ./Core/Src/dma.o
 .debug_aranges
                0x00000020       0x20 ./Core/Src/gpio.o
 .debug_aranges
                0x00000040       0x30 ./Core/Src/i2c.o
 .debug_aranges
                0x00000070       0x90 ./Core/Src/main.o
 .debug_aranges
                0x00000100       0x28 ./Core/Src/osek_task.o
 .debug_aranges
                0x00000128       0x30 ./Core/Src/spi.o
 .debug_aranges
                0x00000158       0x20 ./Core/Src/stm32g4xx_hal_msp.o
 .debug_aranges
                0x00000178       0x30 ./Core/Src/stm32g4xx_hal_timebase_tim.o
 .debug_aranges
                0x000001a8       0x68 ./Core/Src/stm32g4xx_it.o
 .debug_aranges
                0x00000210       0x28 ./Core/Src/system_stm32g4xx.o
 .debug_aranges
                0x00000238       0x30 ./Core/Src/usart.o
 .debug_aranges
                0x00000268       0x28 ./Core/Startup/startup_stm32g431cbux.o
 .debug_aranges
                0x00000290      0x148 ./Drivers/STM32G4xx_HAL_Driver/Src/stm32g4xx_hal.o
 .debug_aranges
                0x000003d8      0x128 ./Drivers/STM32G4xx_HAL_Driver/Src/stm32g4xx_hal_cortex.o
 .debug_aranges
                0x00000500       0x90 ./Drivers/STM32G4xx_HAL_Driver/Src/stm32g4xx_hal_dma.o
 .debug_aranges
                0x00000590       0x58 ./Drivers/STM32G4xx_HAL_Driver/Src/stm32g4xx_hal_gpio.o
 .debug_aranges
                0x000005e8      0x2a0 ./Drivers/STM32G4xx_HAL_Driver/Src/stm32g4xx_hal_i2c.o
 .debug_aranges
                0x00000888       0x48 ./Drivers/STM32G4xx_HAL_Driver/Src/stm32g4xx_hal_i2c_ex.o
 .debug_aranges
                0x000008d0      0x140 ./Drivers/STM32G4xx_HAL_Driver/Src/stm32g4xx_hal_pwr_ex.o
 .debug_aranges
                0x00000a10       0x98 ./Drivers/STM32G4xx_HAL_Driver/Src/stm32g4xx_hal_rcc.o
 .debug_aranges
                0x00000aa8       0xb0 ./Drivers/STM32G4xx_HAL_Driver/Src/stm32g4xx_hal_rcc_ex.o
 .debug_aranges
                0x00000b58      0x1d8 ./Drivers/STM32G4xx_HAL_Driver/Src/stm32g4xx_hal_spi.o
 .debug_aranges
                0x00000d30      0x3e0 ./Drivers/STM32G4xx_HAL_Driver/Src/stm32g4xx_hal_tim.o
 .debug_aranges
                0x00001110      0x240 ./Drivers/STM32G4xx_HAL_Driver/Src/stm32g4xx_hal_tim_ex.o
 .debug_aranges
                0x00001350      0x248 ./Drivers/STM32G4xx_HAL_Driver/Src/stm32g4xx_hal_uart.o
 .debug_aranges
                0x00001598       0xa8 ./Drivers/STM32G4xx_HAL_Driver/Src/stm32g4xx_hal_uart_ex.o
 .debug_aranges
                0x00001640       0xc8 ./OSEK/src/OS.o
 .debug_aranges
                0x00001708       0x40 ./OSEK/src/OsAlarm.o
 .debug_aranges
                0x00001748       0x38 ./OSEK/src/OsAsm.o
 .debug_aranges
                0x00001780       0x48 ./OSEK/src/OsEvt.o
 .debug_aranges
                0x000017c8       0x40 ./OSEK/src/OsTask.o
 .debug_aranges
                0x00001808       0x28 ./OSEK/src/SysTickTimer.o
 .debug_aranges
                0x00001830       0x18 ./OSEK/src/TCB.o
 .debug_aranges
                0x00001848       0x98 ./Third_Party/lwprintf/src/lwprintf/lwprintf.o
 .debug_aranges
                0x000018e0       0xc0 ./Third_Party/lwrb/src/lwrb/lwrb.o
 .debug_aranges
                0x000019a0       0x40 ./Third_Party/lwshell/src/lwshell/lwshell.o
 .debug_aranges
                0x000019e0       0x30 ./Third_Party/lwshell/src/lwshell/lwshell_user.o

.debug_rnglists
                0x00000000     0x1416
 .debug_rnglists
                0x00000000       0x13 ./Core/Src/dma.o
 .debug_rnglists
                0x00000013       0x14 ./Core/Src/gpio.o
 .debug_rnglists
                0x00000027       0x21 ./Core/Src/i2c.o
 .debug_rnglists
                0x00000048       0x69 ./Core/Src/main.o
 .debug_rnglists
                0x000000b1       0x19 ./Core/Src/osek_task.o
 .debug_rnglists
                0x000000ca       0x20 ./Core/Src/spi.o
 .debug_rnglists
                0x000000ea       0x13 ./Core/Src/stm32g4xx_hal_msp.o
 .debug_rnglists
                0x000000fd       0x20 ./Core/Src/stm32g4xx_hal_timebase_tim.o
 .debug_rnglists
                0x0000011d       0x49 ./Core/Src/stm32g4xx_it.o
 .debug_rnglists
                0x00000166       0x1a ./Core/Src/system_stm32g4xx.o
 .debug_rnglists
                0x00000180       0x21 ./Core/Src/usart.o
 .debug_rnglists
                0x000001a1       0x19 ./Core/Startup/startup_stm32g431cbux.o
 .debug_rnglists
                0x000001ba       0xf1 ./Drivers/STM32G4xx_HAL_Driver/Src/stm32g4xx_hal.o
 .debug_rnglists
                0x000002ab       0xda ./Drivers/STM32G4xx_HAL_Driver/Src/stm32g4xx_hal_cortex.o
 .debug_rnglists
                0x00000385       0x71 ./Drivers/STM32G4xx_HAL_Driver/Src/stm32g4xx_hal_dma.o
 .debug_rnglists
                0x000003f6       0x3f ./Drivers/STM32G4xx_HAL_Driver/Src/stm32g4xx_hal_gpio.o
 .debug_rnglists
                0x00000435      0x228 ./Drivers/STM32G4xx_HAL_Driver/Src/stm32g4xx_hal_i2c.o
 .debug_rnglists
                0x0000065d       0x35 ./Drivers/STM32G4xx_HAL_Driver/Src/stm32g4xx_hal_i2c_ex.o
 .debug_rnglists
                0x00000692       0xf1 ./Drivers/STM32G4xx_HAL_Driver/Src/stm32g4xx_hal_pwr_ex.o
 .debug_rnglists
                0x00000783       0x74 ./Drivers/STM32G4xx_HAL_Driver/Src/stm32g4xx_hal_rcc.o
 .debug_rnglists
                0x000007f7       0x87 ./Drivers/STM32G4xx_HAL_Driver/Src/stm32g4xx_hal_rcc_ex.o
 .debug_rnglists
                0x0000087e      0x178 ./Drivers/STM32G4xx_HAL_Driver/Src/stm32g4xx_hal_spi.o
 .debug_rnglists
                0x000009f6      0x328 ./Drivers/STM32G4xx_HAL_Driver/Src/stm32g4xx_hal_tim.o
 .debug_rnglists
                0x00000d1e      0x1cc ./Drivers/STM32G4xx_HAL_Driver/Src/stm32g4xx_hal_tim_ex.o
 .debug_rnglists
                0x00000eea      0x1fa ./Drivers/STM32G4xx_HAL_Driver/Src/stm32g4xx_hal_uart.o
 .debug_rnglists
                0x000010e4       0x7f ./Drivers/STM32G4xx_HAL_Driver/Src/stm32g4xx_hal_uart_ex.o
 .debug_rnglists
                0x00001163       0x96 ./OSEK/src/OS.o
 .debug_rnglists
                0x000011f9       0x2d ./OSEK/src/OsAlarm.o
 .debug_rnglists
                0x00001226       0x25 ./OSEK/src/OsAsm.o
 .debug_rnglists
                0x0000124b       0x35 ./OSEK/src/OsEvt.o
 .debug_rnglists
                0x00001280       0x2d ./OSEK/src/OsTask.o
 .debug_rnglists
                0x000012ad       0x19 ./OSEK/src/SysTickTimer.o
 .debug_rnglists
                0x000012c6       0x70 ./Third_Party/lwprintf/src/lwprintf/lwprintf.o
 .debug_rnglists
                0x00001336       0x93 ./Third_Party/lwrb/src/lwrb/lwrb.o
 .debug_rnglists
                0x000013c9       0x2e ./Third_Party/lwshell/src/lwshell/lwshell.o
 .debug_rnglists
                0x000013f7       0x1f ./Third_Party/lwshell/src/lwshell/lwshell_user.o

.debug_macro    0x00000000    0x21db8
 .debug_macro   0x00000000      0x215 ./Core/Src/dma.o
 .debug_macro   0x00000215      0xad8 ./Core/Src/dma.o
 .debug_macro   0x00000ced      0x167 ./Core/Src/dma.o
 .debug_macro   0x00000e54       0x2e ./Core/Src/dma.o
 .debug_macro   0x00000e82       0x28 ./Core/Src/dma.o
 .debug_macro   0x00000eaa       0x22 ./Core/Src/dma.o
 .debug_macro   0x00000ecc       0x8e ./Core/Src/dma.o
 .debug_macro   0x00000f5a       0x51 ./Core/Src/dma.o
 .debug_macro   0x00000fab      0x103 ./Core/Src/dma.o
 .debug_macro   0x000010ae       0x6a ./Core/Src/dma.o
 .debug_macro   0x00001118      0x1df ./Core/Src/dma.o
 .debug_macro   0x000012f7       0x1c ./Core/Src/dma.o
 .debug_macro   0x00001313       0x22 ./Core/Src/dma.o
 .debug_macro   0x00001335       0xfb ./Core/Src/dma.o
 .debug_macro   0x00001430     0x1011 ./Core/Src/dma.o
 .debug_macro   0x00002441      0x11f ./Core/Src/dma.o
 .debug_macro   0x00002560    0x1138f ./Core/Src/dma.o
 .debug_macro   0x000138ef       0x6d ./Core/Src/dma.o
 .debug_macro   0x0001395c     0x3558 ./Core/Src/dma.o
 .debug_macro   0x00016eb4      0x190 ./Core/Src/dma.o
 .debug_macro   0x00017044       0x5c ./Core/Src/dma.o
 .debug_macro   0x000170a0     0x141d ./Core/Src/dma.o
 .debug_macro   0x000184bd      0x535 ./Core/Src/dma.o
 .debug_macro   0x000189f2      0x1b6 ./Core/Src/dma.o
 .debug_macro   0x00018ba8      0x288 ./Core/Src/dma.o
 .debug_macro   0x00018e30      0x41d ./Core/Src/dma.o
 .debug_macro   0x0001924d      0x18b ./Core/Src/dma.o
 .debug_macro   0x000193d8       0x43 ./Core/Src/dma.o
 .debug_macro   0x0001941b      0x23d ./Core/Src/dma.o
 .debug_macro   0x00019658      0x211 ./Core/Src/dma.o
 .debug_macro   0x00019869      0x401 ./Core/Src/dma.o
 .debug_macro   0x00019c6a      0x107 ./Core/Src/dma.o
 .debug_macro   0x00019d71      0x22c ./Core/Src/dma.o
 .debug_macro   0x00019f9d       0x61 ./Core/Src/dma.o
 .debug_macro   0x00019ffe       0xa5 ./Core/Src/dma.o
 .debug_macro   0x0001a0a3      0x122 ./Core/Src/dma.o
 .debug_macro   0x0001a1c5      0x3d1 ./Core/Src/dma.o
 .debug_macro   0x0001a596      0x2fe ./Core/Src/dma.o
 .debug_macro   0x0001a894      0xbda ./Core/Src/dma.o
 .debug_macro   0x0001b46e      0x47e ./Core/Src/dma.o
 .debug_macro   0x0001b8ec      0x693 ./Core/Src/dma.o
 .debug_macro   0x0001bf7f       0xa6 ./Core/Src/dma.o
 .debug_macro   0x0001c025      0x306 ./Core/Src/dma.o
 .debug_macro   0x0001c32b       0x28 ./Core/Src/dma.o
 .debug_macro   0x0001c353      0x215 ./Core/Src/gpio.o
 .debug_macro   0x0001c568      0x215 ./Core/Src/i2c.o
 .debug_macro   0x0001c77d      0x48b ./Core/Src/main.o
 .debug_macro   0x0001cc08       0x61 ./Core/Src/main.o
 .debug_macro   0x0001cc69      0x370 ./Core/Src/main.o
 .debug_macro   0x0001cfd9       0x7c ./Core/Src/main.o
 .debug_macro   0x0001d055       0x17 ./Core/Src/main.o
 .debug_macro   0x0001d06c      0x118 ./Core/Src/main.o
 .debug_macro   0x0001d184       0x58 ./Core/Src/main.o
 .debug_macro   0x0001d1dc       0x2a ./Core/Src/main.o
 .debug_macro   0x0001d206       0x43 ./Core/Src/main.o
 .debug_macro   0x0001d249       0x34 ./Core/Src/main.o
 .debug_macro   0x0001d27d       0x16 ./Core/Src/main.o
 .debug_macro   0x0001d293       0x4a ./Core/Src/main.o
 .debug_macro   0x0001d2dd       0x34 ./Core/Src/main.o
 .debug_macro   0x0001d311       0x10 ./Core/Src/main.o
 .debug_macro   0x0001d321       0x58 ./Core/Src/main.o
 .debug_macro   0x0001d379       0x8e ./Core/Src/main.o
 .debug_macro   0x0001d407       0x1c ./Core/Src/main.o
 .debug_macro   0x0001d423      0x185 ./Core/Src/main.o
 .debug_macro   0x0001d5a8       0x10 ./Core/Src/main.o
 .debug_macro   0x0001d5b8       0x3c ./Core/Src/main.o
 .debug_macro   0x0001d5f4       0x20 ./Core/Src/main.o
 .debug_macro   0x0001d614       0x58 ./Core/Src/main.o
 .debug_macro   0x0001d66c       0x8a ./Core/Src/main.o
 .debug_macro   0x0001d6f6      0x119 ./Core/Src/main.o
 .debug_macro   0x0001d80f       0x10 ./Core/Src/main.o
 .debug_macro   0x0001d81f       0x22 ./Core/Src/main.o
 .debug_macro   0x0001d841       0x70 ./Core/Src/main.o
 .debug_macro   0x0001d8b1       0x52 ./Core/Src/main.o
 .debug_macro   0x0001d903       0x58 ./Core/Src/main.o
 .debug_macro   0x0001d95b       0x28 ./Core/Src/main.o
 .debug_macro   0x0001d983       0x16 ./Core/Src/main.o
 .debug_macro   0x0001d999       0x16 ./Core/Src/main.o
 .debug_macro   0x0001d9af       0x29 ./Core/Src/main.o
 .debug_macro   0x0001d9d8       0x34 ./Core/Src/main.o
 .debug_macro   0x0001da0c       0x1c ./Core/Src/main.o
 .debug_macro   0x0001da28       0x49 ./Core/Src/main.o
 .debug_macro   0x0001da71       0x34 ./Core/Src/main.o
 .debug_macro   0x0001daa5       0x74 ./Core/Src/main.o
 .debug_macro   0x0001db19       0x46 ./Core/Src/main.o
 .debug_macro   0x0001db5f      0x275 ./Core/Src/osek_task.o
 .debug_macro   0x0001ddd4       0x95 ./Core/Src/osek_task.o
 .debug_macro   0x0001de69       0x10 ./Core/Src/osek_task.o
 .debug_macro   0x0001de79       0xe8 ./Core/Src/osek_task.o
 .debug_macro   0x0001df61       0x34 ./Core/Src/osek_task.o
 .debug_macro   0x0001df95      0x215 ./Core/Src/spi.o
 .debug_macro   0x0001e1aa      0x20b ./Core/Src/stm32g4xx_hal_msp.o
 .debug_macro   0x0001e3b5      0x1fc ./Core/Src/stm32g4xx_hal_timebase_tim.o
 .debug_macro   0x0001e5b1      0x350 ./Core/Src/stm32g4xx_it.o
 .debug_macro   0x0001e901      0x1fc ./Core/Src/system_stm32g4xx.o
 .debug_macro   0x0001eafd      0x215 ./Core/Src/usart.o
 .debug_macro   0x0001ed12      0x24a ./Drivers/STM32G4xx_HAL_Driver/Src/stm32g4xx_hal.o
 .debug_macro   0x0001ef5c      0x1fc ./Drivers/STM32G4xx_HAL_Driver/Src/stm32g4xx_hal_cortex.o
 .debug_macro   0x0001f158      0x1fc ./Drivers/STM32G4xx_HAL_Driver/Src/stm32g4xx_hal_dma.o
 .debug_macro   0x0001f354      0x203 ./Drivers/STM32G4xx_HAL_Driver/Src/stm32g4xx_hal_gpio.o
 .debug_macro   0x0001f557      0x2c8 ./Drivers/STM32G4xx_HAL_Driver/Src/stm32g4xx_hal_i2c.o
 .debug_macro   0x0001f81f      0x1fc ./Drivers/STM32G4xx_HAL_Driver/Src/stm32g4xx_hal_i2c_ex.o
 .debug_macro   0x0001fa1b      0x226 ./Drivers/STM32G4xx_HAL_Driver/Src/stm32g4xx_hal_pwr_ex.o
 .debug_macro   0x0001fc41      0x23e ./Drivers/STM32G4xx_HAL_Driver/Src/stm32g4xx_hal_rcc.o
 .debug_macro   0x0001fe7f      0x226 ./Drivers/STM32G4xx_HAL_Driver/Src/stm32g4xx_hal_rcc_ex.o
 .debug_macro   0x000200a5      0x204 ./Drivers/STM32G4xx_HAL_Driver/Src/stm32g4xx_hal_spi.o
 .debug_macro   0x000202a9      0x204 ./Drivers/STM32G4xx_HAL_Driver/Src/stm32g4xx_hal_tim.o
 .debug_macro   0x000204ad      0x202 ./Drivers/STM32G4xx_HAL_Driver/Src/stm32g4xx_hal_tim_ex.o
 .debug_macro   0x000206af      0x227 ./Drivers/STM32G4xx_HAL_Driver/Src/stm32g4xx_hal_uart.o
 .debug_macro   0x000208d6      0x208 ./Drivers/STM32G4xx_HAL_Driver/Src/stm32g4xx_hal_uart_ex.o
 .debug_macro   0x00020ade       0x7d ./OSEK/src/OS.o
 .debug_macro   0x00020b5b       0x10 ./OSEK/src/OS.o
 .debug_macro   0x00020b6b       0x7b ./OSEK/src/OsAlarm.o
 .debug_macro   0x00020be6       0x1b ./OSEK/src/OsAsm.o
 .debug_macro   0x00020c01       0x7b ./OSEK/src/OsEvt.o
 .debug_macro   0x00020c7c       0x7b ./OSEK/src/OsTask.o
 .debug_macro   0x00020cf7       0x2a ./OSEK/src/SysTickTimer.o
 .debug_macro   0x00020d21       0x40 ./OSEK/src/SysTickTimer.o
 .debug_macro   0x00020d61       0xb2 ./OSEK/src/TCB.o
 .debug_macro   0x00020e13       0xe8 ./OSEK/src/TCB.o
 .debug_macro   0x00020efb       0xe8 ./OSEK/src/TCB.o
 .debug_macro   0x00020fe3       0xe8 ./OSEK/src/TCB.o
 .debug_macro   0x000210cb      0x1d5 ./Third_Party/lwprintf/src/lwprintf/lwprintf.o
 .debug_macro   0x000212a0      0x201 ./Third_Party/lwprintf/src/lwprintf/lwprintf.o
 .debug_macro   0x000214a1      0x188 ./Third_Party/lwrb/src/lwrb/lwrb.o
 .debug_macro   0x00021629      0x1c7 ./Third_Party/lwshell/src/lwshell/lwshell.o
 .debug_macro   0x000217f0      0x3a5 ./Third_Party/lwshell/src/lwshell/lwshell_user.o
 .debug_macro   0x00021b95      0x11c ./Third_Party/lwshell/src/lwshell/lwshell_user.o
 .debug_macro   0x00021cb1       0x9b ./Third_Party/lwshell/src/lwshell/lwshell_user.o
 .debug_macro   0x00021d4c       0x16 ./Third_Party/lwshell/src/lwshell/lwshell_user.o
 .debug_macro   0x00021d62       0x56 ./Third_Party/lwshell/src/lwshell/lwshell_user.o

.debug_line     0x00000000    0x21355
 .debug_line    0x00000000      0x7c0 ./Core/Src/dma.o
 .debug_line    0x000007c0      0x7eb ./Core/Src/gpio.o
 .debug_line    0x00000fab      0x875 ./Core/Src/i2c.o
 .debug_line    0x00001820      0xfa5 ./Core/Src/main.o
 .debug_line    0x000027c5      0x8ae ./Core/Src/osek_task.o
 .debug_line    0x00003073      0x840 ./Core/Src/spi.o
 .debug_line    0x000038b3      0x7c5 ./Core/Src/stm32g4xx_hal_msp.o
 .debug_line    0x00004078      0x82c ./Core/Src/stm32g4xx_hal_timebase_tim.o
 .debug_line    0x000048a4      0xac1 ./Core/Src/stm32g4xx_it.o
 .debug_line    0x00005365      0x830 ./Core/Src/system_stm32g4xx.o
 .debug_line    0x00005b95      0x8b5 ./Core/Src/usart.o
 .debug_line    0x0000644a       0x7b ./Core/Startup/startup_stm32g431cbux.o
 .debug_line    0x000064c5      0xbfc ./Drivers/STM32G4xx_HAL_Driver/Src/stm32g4xx_hal.o
 .debug_line    0x000070c1      0xd61 ./Drivers/STM32G4xx_HAL_Driver/Src/stm32g4xx_hal_cortex.o
 .debug_line    0x00007e22      0xefb ./Drivers/STM32G4xx_HAL_Driver/Src/stm32g4xx_hal_dma.o
 .debug_line    0x00008d1d      0xbd5 ./Drivers/STM32G4xx_HAL_Driver/Src/stm32g4xx_hal_gpio.o
 .debug_line    0x000098f2     0x3790 ./Drivers/STM32G4xx_HAL_Driver/Src/stm32g4xx_hal_i2c.o
 .debug_line    0x0000d082      0x929 ./Drivers/STM32G4xx_HAL_Driver/Src/stm32g4xx_hal_i2c_ex.o
 .debug_line    0x0000d9ab      0xd5b ./Drivers/STM32G4xx_HAL_Driver/Src/stm32g4xx_hal_pwr_ex.o
 .debug_line    0x0000e706     0x107f ./Drivers/STM32G4xx_HAL_Driver/Src/stm32g4xx_hal_rcc.o
 .debug_line    0x0000f785     0x11ab ./Drivers/STM32G4xx_HAL_Driver/Src/stm32g4xx_hal_rcc_ex.o
 .debug_line    0x00010930     0x20aa ./Drivers/STM32G4xx_HAL_Driver/Src/stm32g4xx_hal_spi.o
 .debug_line    0x000129da     0x3f63 ./Drivers/STM32G4xx_HAL_Driver/Src/stm32g4xx_hal_tim.o
 .debug_line    0x0001693d     0x2043 ./Drivers/STM32G4xx_HAL_Driver/Src/stm32g4xx_hal_tim_ex.o
 .debug_line    0x00018980     0x3621 ./Drivers/STM32G4xx_HAL_Driver/Src/stm32g4xx_hal_uart.o
 .debug_line    0x0001bfa1      0xd31 ./Drivers/STM32G4xx_HAL_Driver/Src/stm32g4xx_hal_uart_ex.o
 .debug_line    0x0001ccd2      0x86c ./OSEK/src/OS.o
 .debug_line    0x0001d53e      0x347 ./OSEK/src/OsAlarm.o
 .debug_line    0x0001d885       0xf1 ./OSEK/src/OsAsm.o
 .debug_line    0x0001d976      0x3a5 ./OSEK/src/OsEvt.o
 .debug_line    0x0001dd1b      0x287 ./OSEK/src/OsTask.o
 .debug_line    0x0001dfa2       0xdf ./OSEK/src/SysTickTimer.o
 .debug_line    0x0001e081       0xb4 ./OSEK/src/TCB.o
 .debug_line    0x0001e135      0xfe3 ./Third_Party/lwprintf/src/lwprintf/lwprintf.o
 .debug_line    0x0001f118      0xd5a ./Third_Party/lwrb/src/lwrb/lwrb.o
 .debug_line    0x0001fe72      0x9d3 ./Third_Party/lwshell/src/lwshell/lwshell.o
 .debug_line    0x00020845      0xb10 ./Third_Party/lwshell/src/lwshell/lwshell_user.o

.debug_str      0x00000000    0xd082e
 .debug_str     0x00000000    0xd082e ./Core/Src/dma.o
                              0xc12f4 (size before relaxing)
 .debug_str     0x000d082e    0xc0f3b ./Core/Src/gpio.o
 .debug_str     0x000d082e    0xc16cb ./Core/Src/i2c.o
 .debug_str     0x000d082e    0xc851f ./Core/Src/main.o
 .debug_str     0x000d082e    0xc1a0a ./Core/Src/osek_task.o
 .debug_str     0x000d082e    0xc1470 ./Core/Src/spi.o
 .debug_str     0x000d082e    0xc1305 ./Core/Src/stm32g4xx_hal_msp.o
 .debug_str     0x000d082e    0xc19ba ./Core/Src/stm32g4xx_hal_timebase_tim.o
 .debug_str     0x000d082e    0xc5537 ./Core/Src/stm32g4xx_it.o
 .debug_str     0x000d082e    0xc0e88 ./Core/Src/system_stm32g4xx.o
 .debug_str     0x000d082e    0xc1ba1 ./Core/Src/usart.o
 .debug_str     0x000d082e       0x7c ./Core/Startup/startup_stm32g431cbux.o
 .debug_str     0x000d082e    0xc19c7 ./Drivers/STM32G4xx_HAL_Driver/Src/stm32g4xx_hal.o
 .debug_str     0x000d082e    0xc1683 ./Drivers/STM32G4xx_HAL_Driver/Src/stm32g4xx_hal_cortex.o
 .debug_str     0x000d082e    0xc1262 ./Drivers/STM32G4xx_HAL_Driver/Src/stm32g4xx_hal_dma.o
 .debug_str     0x000d082e    0xc1013 ./Drivers/STM32G4xx_HAL_Driver/Src/stm32g4xx_hal_gpio.o
 .debug_str     0x000d082e    0xc2192 ./Drivers/STM32G4xx_HAL_Driver/Src/stm32g4xx_hal_i2c.o
 .debug_str     0x000d082e    0xc14a7 ./Drivers/STM32G4xx_HAL_Driver/Src/stm32g4xx_hal_i2c_ex.o
 .debug_str     0x000d082e    0xc1376 ./Drivers/STM32G4xx_HAL_Driver/Src/stm32g4xx_hal_pwr_ex.o
 .debug_str     0x000d082e    0xc1581 ./Drivers/STM32G4xx_HAL_Driver/Src/stm32g4xx_hal_rcc.o
 .debug_str     0x000d082e    0xc1582 ./Drivers/STM32G4xx_HAL_Driver/Src/stm32g4xx_hal_rcc_ex.o
 .debug_str     0x000d082e    0xc17ba ./Drivers/STM32G4xx_HAL_Driver/Src/stm32g4xx_hal_spi.o
 .debug_str     0x000d082e    0xc2386 ./Drivers/STM32G4xx_HAL_Driver/Src/stm32g4xx_hal_tim.o
 .debug_str     0x000d082e    0xc1ffa ./Drivers/STM32G4xx_HAL_Driver/Src/stm32g4xx_hal_tim_ex.o
 .debug_str     0x000d082e    0xc1e43 ./Drivers/STM32G4xx_HAL_Driver/Src/stm32g4xx_hal_uart.o
 .debug_str     0x000d082e    0xc1641 ./Drivers/STM32G4xx_HAL_Driver/Src/stm32g4xx_hal_uart_ex.o
 .debug_str     0x000d082e     0x42c5 ./OSEK/src/OS.o
 .debug_str     0x000d082e     0x3eb1 ./OSEK/src/OsAlarm.o
 .debug_str     0x000d082e     0x2f96 ./OSEK/src/OsAsm.o
 .debug_str     0x000d082e     0x3ed2 ./OSEK/src/OsEvt.o
 .debug_str     0x000d082e     0x3ea4 ./OSEK/src/OsTask.o
 .debug_str     0x000d082e     0x3105 ./OSEK/src/SysTickTimer.o
 .debug_str     0x000d082e     0x43d9 ./OSEK/src/TCB.o
 .debug_str     0x000d082e     0x8abd ./Third_Party/lwprintf/src/lwprintf/lwprintf.o
 .debug_str     0x000d082e     0x8850 ./Third_Party/lwrb/src/lwrb/lwrb.o
 .debug_str     0x000d082e     0x7c4f ./Third_Party/lwshell/src/lwshell/lwshell.o
 .debug_str     0x000d082e    0xc51ec ./Third_Party/lwshell/src/lwshell/lwshell_user.o

.comment        0x00000000       0x43
 .comment       0x00000000       0x43 ./Core/Src/dma.o
                                 0x44 (size before relaxing)
 .comment       0x00000043       0x44 ./Core/Src/gpio.o
 .comment       0x00000043       0x44 ./Core/Src/i2c.o
 .comment       0x00000043       0x44 ./Core/Src/main.o
 .comment       0x00000043       0x44 ./Core/Src/osek_task.o
 .comment       0x00000043       0x44 ./Core/Src/spi.o
 .comment       0x00000043       0x44 ./Core/Src/stm32g4xx_hal_msp.o
 .comment       0x00000043       0x44 ./Core/Src/stm32g4xx_hal_timebase_tim.o
 .comment       0x00000043       0x44 ./Core/Src/stm32g4xx_it.o
 .comment       0x00000043       0x44 ./Core/Src/system_stm32g4xx.o
 .comment       0x00000043       0x44 ./Core/Src/usart.o
 .comment       0x00000043       0x44 ./Drivers/STM32G4xx_HAL_Driver/Src/stm32g4xx_hal.o
 .comment       0x00000043       0x44 ./Drivers/STM32G4xx_HAL_Driver/Src/stm32g4xx_hal_cortex.o
 .comment       0x00000043       0x44 ./Drivers/STM32G4xx_HAL_Driver/Src/stm32g4xx_hal_dma.o
 .comment       0x00000043       0x44 ./Drivers/STM32G4xx_HAL_Driver/Src/stm32g4xx_hal_gpio.o
 .comment       0x00000043       0x44 ./Drivers/STM32G4xx_HAL_Driver/Src/stm32g4xx_hal_i2c.o
 .comment       0x00000043       0x44 ./Drivers/STM32G4xx_HAL_Driver/Src/stm32g4xx_hal_i2c_ex.o
 .comment       0x00000043       0x44 ./Drivers/STM32G4xx_HAL_Driver/Src/stm32g4xx_hal_pwr_ex.o
 .comment       0x00000043       0x44 ./Drivers/STM32G4xx_HAL_Driver/Src/stm32g4xx_hal_rcc.o
 .comment       0x00000043       0x44 ./Drivers/STM32G4xx_HAL_Driver/Src/stm32g4xx_hal_rcc_ex.o
 .comment       0x00000043       0x44 ./Drivers/STM32G4xx_HAL_Driver/Src/stm32g4xx_hal_spi.o
 .comment       0x00000043       0x44 ./Drivers/STM32G4xx_HAL_Driver/Src/stm32g4xx_hal_tim.o
 .comment       0x00000043       0x44 ./Drivers/STM32G4xx_HAL_Driver/Src/stm32g4xx_hal_tim_ex.o
 .comment       0x00000043       0x44 ./Drivers/STM32G4xx_HAL_Driver/Src/stm32g4xx_hal_uart.o
 .comment       0x00000043       0x44 ./Drivers/STM32G4xx_HAL_Driver/Src/stm32g4xx_hal_uart_ex.o
 .comment       0x00000043       0x44 ./OSEK/src/OS.o
 .comment       0x00000043       0x44 ./OSEK/src/OsAlarm.o
 .comment       0x00000043       0x44 ./OSEK/src/OsAsm.o
 .comment       0x00000043       0x44 ./OSEK/src/OsEvt.o
 .comment       0x00000043       0x44 ./OSEK/src/OsTask.o
 .comment       0x00000043       0x44 ./OSEK/src/SysTickTimer.o
 .comment       0x00000043       0x44 ./OSEK/src/TCB.o
 .comment       0x00000043       0x44 ./Third_Party/lwprintf/src/lwprintf/lwprintf.o
 .comment       0x00000043       0x44 ./Third_Party/lwrb/src/lwrb/lwrb.o
 .comment       0x00000043       0x44 ./Third_Party/lwshell/src/lwshell/lwshell.o
 .comment       0x00000043       0x44 ./Third_Party/lwshell/src/lwshell/lwshell_user.o

.debug_frame    0x00000000     0x6b40
 .debug_frame   0x00000000       0x34 ./Core/Src/dma.o
 .debug_frame   0x00000034       0x34 ./Core/Src/gpio.o
 .debug_frame   0x00000068       0x74 ./Core/Src/i2c.o
 .debug_frame   0x000000dc      0x210 ./Core/Src/main.o
 .debug_frame   0x000002ec       0x50 ./Core/Src/osek_task.o
 .debug_frame   0x0000033c       0x74 ./Core/Src/spi.o
 .debug_frame   0x000003b0       0x34 ./Core/Src/stm32g4xx_hal_msp.o
 .debug_frame   0x000003e4       0x74 ./Core/Src/stm32g4xx_hal_timebase_tim.o
 .debug_frame   0x00000458      0x11c ./Core/Src/stm32g4xx_it.o
 .debug_frame   0x00000574       0x58 ./Core/Src/system_stm32g4xx.o
 .debug_frame   0x000005cc       0x74 ./Core/Src/usart.o
 .debug_frame   0x00000640      0x500 ./Drivers/STM32G4xx_HAL_Driver/Src/stm32g4xx_hal.o
 .debug_frame   0x00000b40      0x4e8 ./Drivers/STM32G4xx_HAL_Driver/Src/stm32g4xx_hal_cortex.o
 .debug_frame   0x00001028      0x24c ./Drivers/STM32G4xx_HAL_Driver/Src/stm32g4xx_hal_dma.o
 .debug_frame   0x00001274      0x14c ./Drivers/STM32G4xx_HAL_Driver/Src/stm32g4xx_hal_gpio.o
 .debug_frame   0x000013c0      0xc38 ./Drivers/STM32G4xx_HAL_Driver/Src/stm32g4xx_hal_i2c.o
 .debug_frame   0x00001ff8      0x100 ./Drivers/STM32G4xx_HAL_Driver/Src/stm32g4xx_hal_i2c_ex.o
 .debug_frame   0x000020f8      0x4fc ./Drivers/STM32G4xx_HAL_Driver/Src/stm32g4xx_hal_pwr_ex.o
 .debug_frame   0x000025f4      0x23c ./Drivers/STM32G4xx_HAL_Driver/Src/stm32g4xx_hal_rcc.o
 .debug_frame   0x00002830      0x2ac ./Drivers/STM32G4xx_HAL_Driver/Src/stm32g4xx_hal_rcc_ex.o
 .debug_frame   0x00002adc      0x860 ./Drivers/STM32G4xx_HAL_Driver/Src/stm32g4xx_hal_spi.o
 .debug_frame   0x0000333c     0x121c ./Drivers/STM32G4xx_HAL_Driver/Src/stm32g4xx_hal_tim.o
 .debug_frame   0x00004558      0xa68 ./Drivers/STM32G4xx_HAL_Driver/Src/stm32g4xx_hal_tim_ex.o
 .debug_frame   0x00004fc0      0xa94 ./Drivers/STM32G4xx_HAL_Driver/Src/stm32g4xx_hal_uart.o
 .debug_frame   0x00005a54      0x2c0 ./Drivers/STM32G4xx_HAL_Driver/Src/stm32g4xx_hal_uart_ex.o
 .debug_frame   0x00005d14      0x2e8 ./OSEK/src/OS.o
 .debug_frame   0x00005ffc       0xd8 ./OSEK/src/OsAlarm.o
 .debug_frame   0x000060d4       0x50 ./OSEK/src/OsAsm.o
 .debug_frame   0x00006124       0xf0 ./OSEK/src/OsEvt.o
 .debug_frame   0x00006214       0xc4 ./OSEK/src/OsTask.o
 .debug_frame   0x000062d8       0x50 ./OSEK/src/SysTickTimer.o
 .debug_frame   0x00006328      0x2a4 ./Third_Party/lwprintf/src/lwprintf/lwprintf.o
 .debug_frame   0x000065cc      0x334 ./Third_Party/lwrb/src/lwrb/lwrb.o
 .debug_frame   0x00006900       0xd0 ./Third_Party/lwshell/src/lwshell/lwshell.o
 .debug_frame   0x000069d0       0x74 ./Third_Party/lwshell/src/lwshell/lwshell_user.o
 .debug_frame   0x00006a44       0x20 C:/ST/STM32CubeIDE_1.19.0/STM32CubeIDE/plugins/com.st.stm32cube.ide.mcu.externaltools.gnu-tools-for-stm32.13.3.rel1.win32_1.0.0.202411081344/tools/bin/../lib/gcc/arm-none-eabi/13.3.1/../../../../arm-none-eabi/lib/thumb/v7e-m+fp/hard\libc_nano.a(libc_a-memset.o)
 .debug_frame   0x00006a64       0x28 C:/ST/STM32CubeIDE_1.19.0/STM32CubeIDE/plugins/com.st.stm32cube.ide.mcu.externaltools.gnu-tools-for-stm32.13.3.rel1.win32_1.0.0.202411081344/tools/bin/../lib/gcc/arm-none-eabi/13.3.1/../../../../arm-none-eabi/lib/thumb/v7e-m+fp/hard\libc_nano.a(libc_a-strncmp.o)
 .debug_frame   0x00006a8c       0x2c C:/ST/STM32CubeIDE_1.19.0/STM32CubeIDE/plugins/com.st.stm32cube.ide.mcu.externaltools.gnu-tools-for-stm32.13.3.rel1.win32_1.0.0.202411081344/tools/bin/../lib/gcc/arm-none-eabi/13.3.1/../../../../arm-none-eabi/lib/thumb/v7e-m+fp/hard\libc_nano.a(libc_a-init.o)
 .debug_frame   0x00006ab8       0x28 C:/ST/STM32CubeIDE_1.19.0/STM32CubeIDE/plugins/com.st.stm32cube.ide.mcu.externaltools.gnu-tools-for-stm32.13.3.rel1.win32_1.0.0.202411081344/tools/bin/../lib/gcc/arm-none-eabi/13.3.1/../../../../arm-none-eabi/lib/thumb/v7e-m+fp/hard\libc_nano.a(libc_a-memcpy-stub.o)