../OSEK/src/OS.c:45:6:OS_StartOS	32	static
../OSEK/src/OS.c:126:14:OS_Schedule	16	static,ignoring_inline_asm
../OSEK/src/OS.c:234:13:OS_InitTimer	8	static
../OSEK/src/OS.c:248:13:OS_StartTimer	8	static
../OSEK/src/OS.c:262:8:OS_Dispatcher	24	static
../OSEK/src/OS.c:331:13:OsCreateNewContext	16	static
../OSEK/src/OS.c:361:1:OsSysTickTimerIsr	16	static
../OSEK/src/OS.c:428:6:OsStoreStackPointer	16	static
../OSEK/src/OS.c:451:8:OsGetSavedStackPointer	4	static
../OSEK/src/OS.c:474:8:OsIsrCallDispatch	16	static
../OSEK/src/OS.c:501:15:OS_GetActiveApplicationMode	4	static
../OSEK/src/OS.c:517:6:OS_ShutdownOS	24	static,ignoring_inline_asm
../OSEK/src/OS.c:545:13:OS_IdleLoop	4	static
../OSEK/src/OS.c:560:6:OsRunCat2Isr	16	static
../OSEK/src/OS.c:587:9:OsIsInterruptContext	16	static
../OSEK/src/OS.c:605:9:OsIsCat2IntContext	4	static
../OSEK/src/OS.c:619:6:OS_DisableAllInterrupts	4	static,ignoring_inline_asm
../OSEK/src/OS.c:633:6:OS_EnableAllInterrupts	4	static,ignoring_inline_asm
../OSEK/src/OS.c:647:6:OS_SuspendAllInterrupts	4	static,ignoring_inline_asm
../OSEK/src/OS.c:661:6:OS_ResumeAllInterrupts	4	static,ignoring_inline_asm
../OSEK/src/OS.c:675:6:OS_SuspendOSInterrupts	4	static,ignoring_inline_asm
../OSEK/src/OS.c:689:6:OS_ResumeOSInterrupts	4	static,ignoring_inline_asm
