../Core/Src/main.c:93:12:lwprintf_self_func	24	static
../Core/Src/main.c:113:6:usart_rx_check	16	static
../Core/Src/main.c:172:6:HAL_UARTEx_RxEventCallback	16	static
../Core/Src/main.c:186:9:read_button_gpio	24	static
../Core/Src/main.c:198:6:btn1_single_click_handler	16	static
../Core/Src/main.c:203:6:btn1_double_click_handler	16	static
../Core/Src/main.c:209:6:btn1_long_press_start_handler	16	static
../Core/Src/main.c:214:6:btn1_long_press_hold_handler	16	static
../Core/Src/main.c:219:6:btn1_press_repeat_handler	16	static
../Core/Src/main.c:223:6:button_init_process	8	static
../Core/Src/main.c:246:6:print_hex	24	static
../Core/Src/main.c:264:5:main	8	static
../Core/Src/main.c:372:6:SystemClock_Config	88	static
../Core/Src/main.c:426:6:HAL_TIM_PeriodElapsedCallback	16	static
../Core/Src/main.c:447:6:Error_Handler	4	static,ignoring_inline_asm
